Component: ARM Compiler 5.06 update 6 (build 750) Tool: armlink [4d35ed]

==============================================================================

Section Cross References

    main.o(i.Get_DC_Uo) refers to relay.o(i.Relay_Set) for Relay_Set
    main.o(i.Get_DC_Uo) refers to delay.o(i.delay_ms) for delay_ms
    main.o(i.Get_DC_Uo) refers to adc.o(i.ADC_GetSampleFliter) for ADC_GetSampleFliter
    main.o(i.Get_DC_Uo) refers to dfltui.o(.text) for __aeabi_ui2d
    main.o(i.Get_DC_Uo) refers to dmul.o(.text) for __aeabi_dmul
    main.o(i.Get_DC_Uo) refers to ddiv.o(.text) for __aeabi_ddiv
    main.o(i.Get_DC_Uo) refers to d2f.o(.text) for __aeabi_d2f
    main.o(i.Get_DC_Uo) refers to main.o(.data) for K
    main.o(i.Get_DC_Uo_bug) refers to delay.o(i.delay_ms) for delay_ms
    main.o(i.Get_DC_Uo_bug) refers to adc.o(i.ADC_GetSampleFliter) for ADC_GetSampleFliter
    main.o(i.Get_DC_Uo_bug) refers to dfltui.o(.text) for __aeabi_ui2d
    main.o(i.Get_DC_Uo_bug) refers to dmul.o(.text) for __aeabi_dmul
    main.o(i.Get_DC_Uo_bug) refers to ddiv.o(.text) for __aeabi_ddiv
    main.o(i.Get_DC_Uo_bug) refers to d2f.o(.text) for __aeabi_d2f
    main.o(i.Get_DC_Uo_bug) refers to main.o(.data) for K
    main.o(i.Get_Gain) refers to relay.o(i.Relay_Set) for Relay_Set
    main.o(i.Get_Gain) refers to delay.o(i.delay_ms) for delay_ms
    main.o(i.Get_Gain) refers to adc.o(i.ADC_GetSampleFliter) for ADC_GetSampleFliter
    main.o(i.Get_Gain) refers to f2d.o(.text) for __aeabi_f2d
    main.o(i.Get_Gain) refers to ddiv.o(.text) for __aeabi_ddiv
    main.o(i.Get_Gain) refers to d2f.o(.text) for __aeabi_d2f
    main.o(i.Get_Gainx) refers to delay.o(i.delay_ms) for delay_ms
    main.o(i.Get_Gainx) refers to adc.o(i.ADC_GetSampleFliter) for ADC_GetSampleFliter
    main.o(i.Get_Gainx) refers to f2d.o(.text) for __aeabi_f2d
    main.o(i.Get_Gainx) refers to ddiv.o(.text) for __aeabi_ddiv
    main.o(i.Get_Gainx) refers to d2f.o(.text) for __aeabi_d2f
    main.o(i.Get_IN_Zx) refers to relay.o(i.Relay_Set) for Relay_Set
    main.o(i.Get_IN_Zx) refers to delay.o(i.delay_ms) for delay_ms
    main.o(i.Get_IN_Zx) refers to adc.o(i.ADC_GetSampleFliter) for ADC_GetSampleFliter
    main.o(i.Get_Out_Zx) refers to relay.o(i.Relay_Set) for Relay_Set
    main.o(i.Get_Out_Zx) refers to delay.o(i.delay_ms) for delay_ms
    main.o(i.Get_Out_Zx) refers to adc.o(i.ADC_GetSampleFliter) for ADC_GetSampleFliter
    main.o(i.LCD_ShowFrame) refers to ili9341.o(i.LCD_DrawLine) for LCD_DrawLine
    main.o(i.LCD_ShowFrame) refers to ili9341.o(i.LCD_ShowString) for LCD_ShowString
    main.o(i.State_Check) refers to relay.o(i.Relay_Set) for Relay_Set
    main.o(i.State_Check) refers to adc.o(i.ADC_GetSampleFliter) for ADC_GetSampleFliter
    main.o(i.State_Check) refers to dfltui.o(.text) for __aeabi_ui2d
    main.o(i.State_Check) refers to dmul.o(.text) for __aeabi_dmul
    main.o(i.State_Check) refers to ddiv.o(.text) for __aeabi_ddiv
    main.o(i.State_Check) refers to d2f.o(.text) for __aeabi_d2f
    main.o(i.State_Check) refers to f2d.o(.text) for __aeabi_f2d
    main.o(i.State_Check) refers to printfa.o(i.__0sprintf) for __2sprintf
    main.o(i.State_Check) refers to ili9341.o(i.LCD_ShowString) for LCD_ShowString
    main.o(i.State_Check) refers to cdrcmple.o(.text) for __aeabi_cdrcmple
    main.o(i.State_Check) refers to cdcmple.o(.text) for __aeabi_cdcmple
    main.o(i.State_Check) refers to delay.o(i.delay_ms) for delay_ms
    main.o(i.State_Check) refers to main.o(.data) for K
    main.o(i.Task_ampFreq) refers to memcpya.o(.text) for __aeabi_memcpy4
    main.o(i.Task_ampFreq) refers to relay.o(i.Relay_Set) for Relay_Set
    main.o(i.Task_ampFreq) refers to ili9341.o(i.LCD_Clear) for LCD_Clear
    main.o(i.Task_ampFreq) refers to printfa.o(i.__0printf) for __2printf
    main.o(i.Task_ampFreq) refers to main.o(i.LCD_ShowFrame) for LCD_ShowFrame
    main.o(i.Task_ampFreq) refers to delay.o(i.delay_ms) for delay_ms
    main.o(i.Task_ampFreq) refers to adc.o(i.ADC_GetSampleFliter) for ADC_GetSampleFliter
    main.o(i.Task_ampFreq) refers to printfa.o(i.__0sprintf) for __2sprintf
    main.o(i.Task_ampFreq) refers to ili9341.o(i.LCD_ShowString) for LCD_ShowString
    main.o(i.Task_ampFreq) refers to dfltui.o(.text) for __aeabi_ui2d
    main.o(i.Task_ampFreq) refers to fabs.o(i.__hardfp_fabs) for __hardfp_fabs
    main.o(i.Task_ampFreq) refers to d2f.o(.text) for __aeabi_d2f
    main.o(i.Task_ampFreq) refers to ili9341.o(i.LCD_DrawLine) for LCD_DrawLine
    main.o(i.Task_ampFreq) refers to main.o(.constdata) for .constdata
    main.o(i.Task_ampFreq) refers to main.o(.data) for flagAmpFreq
    main.o(i.Task_ampFreq) refers to menu.o(.data) for Mark_Sign
    main.o(i.Task_fault) refers to ili9341.o(i.LCD_Clear) for LCD_Clear
    main.o(i.Task_fault) refers to ili9341.o(i.LCD_ShowString) for LCD_ShowString
    main.o(i.Task_fault) refers to printfa.o(i.__0printf) for __2printf
    main.o(i.Task_fault) refers to relay.o(i.Relay_Set) for Relay_Set
[...]
    Removing stm32f4xx_rcc.o(i.RCC_PCLK1Config), (24 bytes).
    Removing stm32f4xx_rcc.o(i.RCC_PCLK2Config), (24 bytes).
    Removing stm32f4xx_rcc.o(i.RCC_PLLCmd), (12 bytes).
    Removing stm32f4xx_rcc.o(i.RCC_PLLConfig), (36 bytes).
    Removing stm32f4xx_rcc.o(i.RCC_PLLI2SCmd), (12 bytes).
    Removing stm32f4xx_rcc.o(i.RCC_PLLI2SConfig), (16 bytes).
    Removing stm32f4xx_rcc.o(i.RCC_PLLSAICmd), (12 bytes).
    Removing stm32f4xx_rcc.o(i.RCC_PLLSAIConfig), (24 bytes).
    Removing stm32f4xx_rcc.o(i.RCC_RTCCLKCmd), (12 bytes).
    Removing stm32f4xx_rcc.o(i.RCC_RTCCLKConfig), (60 bytes).
    Removing stm32f4xx_rcc.o(i.RCC_SAIBlockACLKConfig), (24 bytes).
    Removing stm32f4xx_rcc.o(i.RCC_SAIBlockBCLKConfig), (24 bytes).
    Removing stm32f4xx_rcc.o(i.RCC_SAIPLLI2SClkDivConfig), (28 bytes).
    Removing stm32f4xx_rcc.o(i.RCC_SAIPLLSAIClkDivConfig), (28 bytes).
    Removing stm32f4xx_rcc.o(i.RCC_SYSCLKConfig), (24 bytes).
    Removing stm32f4xx_rcc.o(i.RCC_TIMCLKPresConfig), (12 bytes).
    Removing stm32f4xx_rcc.o(i.RCC_WaitForHSEStartUp), (56 bytes).
    Removing stm32f4xx_syscfg.o(.rev16_text), (4 bytes).
    Removing stm32f4xx_syscfg.o(.revsh_text), (4 bytes).
    Removing stm32f4xx_syscfg.o(i.SYSCFG_CompensationCellCmd), (12 bytes).
    Removing stm32f4xx_syscfg.o(i.SYSCFG_DeInit), (22 bytes).
    Removing stm32f4xx_syscfg.o(i.SYSCFG_ETH_MediaInterfaceConfig), (12 bytes).
    Removing stm32f4xx_syscfg.o(i.SYSCFG_GetCompensationCellStatus), (24 bytes).
    Removing stm32f4xx_syscfg.o(i.SYSCFG_MemoryRemapConfig), (12 bytes).
    Removing stm32f4xx_syscfg.o(i.SYSCFG_MemorySwappingBank), (12 bytes).
    Removing stm32f4xx_usart.o(.rev16_text), (4 bytes).
    Removing stm32f4xx_usart.o(.revsh_text), (4 bytes).
    Removing stm32f4xx_usart.o(i.USART_ClearFlag), (18 bytes).
    Removing stm32f4xx_usart.o(i.USART_ClearITPendingBit), (30 bytes).
    Removing stm32f4xx_usart.o(i.USART_ClockInit), (32 bytes).
    Removing stm32f4xx_usart.o(i.USART_ClockStructInit), (12 bytes).
    Removing stm32f4xx_usart.o(i.USART_DMACmd), (18 bytes).
    Removing stm32f4xx_usart.o(i.USART_DeInit), (240 bytes).
    Removing stm32f4xx_usart.o(i.USART_GetFlagStatus), (26 bytes).
    Removing stm32f4xx_usart.o(i.USART_HalfDuplexCmd), (24 bytes).
    Removing stm32f4xx_usart.o(i.USART_IrDACmd), (24 bytes).
    Removing stm32f4xx_usart.o(i.USART_IrDAConfig), (18 bytes).
    Removing stm32f4xx_usart.o(i.USART_LINBreakDetectLengthConfig), (18 bytes).
    Removing stm32f4xx_usart.o(i.USART_LINCmd), (24 bytes).
    Removing stm32f4xx_usart.o(i.USART_OneBitMethodCmd), (24 bytes).
    Removing stm32f4xx_usart.o(i.USART_OverSampling8Cmd), (22 bytes).
    Removing stm32f4xx_usart.o(i.USART_ReceiverWakeUpCmd), (24 bytes).
    Removing stm32f4xx_usart.o(i.USART_SendBreak), (10 bytes).
    Removing stm32f4xx_usart.o(i.USART_SendData), (8 bytes).
    Removing stm32f4xx_usart.o(i.USART_SetAddress), (18 bytes).
    Removing stm32f4xx_usart.o(i.USART_SetGuardTime), (16 bytes).
    Removing stm32f4xx_usart.o(i.USART_SetPrescaler), (16 bytes).
    Removing stm32f4xx_usart.o(i.USART_SmartCardCmd), (24 bytes).
    Removing stm32f4xx_usart.o(i.USART_SmartCardNACKCmd), (24 bytes).
    Removing stm32f4xx_usart.o(i.USART_StructInit), (24 bytes).
    Removing stm32f4xx_usart.o(i.USART_WakeUpConfig), (18 bytes).
    Removing stm32f4xx_spi.o(.rev16_text), (4 bytes).
    Removing stm32f4xx_spi.o(.revsh_text), (4 bytes).
    Removing stm32f4xx_spi.o(i.I2S_Cmd), (24 bytes).
    Removing stm32f4xx_spi.o(i.I2S_FullDuplexConfig), (80 bytes).
    Removing stm32f4xx_spi.o(i.I2S_Init), (408 bytes).
    Removing stm32f4xx_spi.o(i.I2S_StructInit), (20 bytes).
    Removing stm32f4xx_spi.o(i.SPI_BiDirectionalLineConfig), (28 bytes).
    Removing stm32f4xx_spi.o(i.SPI_CalculateCRC), (24 bytes).
    Removing stm32f4xx_spi.o(i.SPI_DataSizeConfig), (18 bytes).
    Removing stm32f4xx_spi.o(i.SPI_GetCRC), (16 bytes).
    Removing stm32f4xx_spi.o(i.SPI_GetCRCPolynomial), (6 bytes).
    Removing stm32f4xx_spi.o(i.SPI_I2S_ClearFlag), (6 bytes).
    Removing stm32f4xx_spi.o(i.SPI_I2S_ClearITPendingBit), (20 bytes).
    Removing stm32f4xx_spi.o(i.SPI_I2S_DMACmd), (18 bytes).
    Removing stm32f4xx_spi.o(i.SPI_I2S_DeInit), (176 bytes).
    Removing stm32f4xx_spi.o(i.SPI_I2S_GetITStatus), (52 bytes).
    Removing stm32f4xx_spi.o(i.SPI_I2S_ITConfig), (32 bytes).
    Removing stm32f4xx_spi.o(i.SPI_NSSInternalSoftwareConfig), (30 bytes).
    Removing stm32f4xx_spi.o(i.SPI_SSOutputCmd), (24 bytes).
    Removing stm32f4xx_spi.o(i.SPI_StructInit), (24 bytes).
    Removing stm32f4xx_spi.o(i.SPI_TIModeCmd), (24 bytes).
    Removing stm32f4xx_spi.o(i.SPI_TransmitCRC), (10 bytes).
    Removing stm32f4xx_rng.o(.rev16_text), (4 bytes).
    Removing stm32f4xx_rng.o(.revsh_text), (4 bytes).
    Removing stm32f4xx_rng.o(i.RNG_ClearFlag), (16 bytes).
    Removing stm32f4xx_rng.o(i.RNG_ClearITPendingBit), (16 bytes).
    Removing stm32f4xx_rng.o(i.RNG_Cmd), (36 bytes).
    Removing stm32f4xx_rng.o(i.RNG_DeInit), (20 bytes).
    Removing stm32f4xx_rng.o(i.RNG_GetFlagStatus), (24 bytes).
    Removing stm32f4xx_rng.o(i.RNG_GetITStatus), (24 bytes).
    Removing stm32f4xx_rng.o(i.RNG_GetRandomNumber), (12 bytes).
    Removing stm32f4xx_rng.o(i.RNG_ITConfig), (36 bytes).
    Removing stm32f4xx_exti.o(.rev16_text), (4 bytes).
    Removing stm32f4xx_exti.o(.revsh_text), (4 bytes).
    Removing stm32f4xx_exti.o(i.EXTI_ClearFlag), (12 bytes).
    Removing stm32f4xx_exti.o(i.EXTI_DeInit), (36 bytes).
    Removing stm32f4xx_exti.o(i.EXTI_GenerateSWInterrupt), (16 bytes).
    Removing stm32f4xx_exti.o(i.EXTI_GetFlagStatus), (24 bytes).
    Removing stm32f4xx_exti.o(i.EXTI_GetITStatus), (24 bytes).
    Removing stm32f4xx_exti.o(i.EXTI_StructInit), (16 bytes).
    Removing stm32f4xx_adc.o(.rev16_text), (4 bytes).
    Removing stm32f4xx_adc.o(.revsh_text), (4 bytes).
    Removing stm32f4xx_adc.o(i.ADC_AnalogWatchdogCmd), (20 bytes).
    Removing stm32f4xx_adc.o(i.ADC_AnalogWatchdogSingleChannelConfig), (16 bytes).
    Removing stm32f4xx_adc.o(i.ADC_AnalogWatchdogThresholdsConfig), (6 bytes).
    Removing stm32f4xx_adc.o(i.ADC_AutoInjectedConvCmd), (22 bytes).
    Removing stm32f4xx_adc.o(i.ADC_ClearFlag), (6 bytes).
    Removing stm32f4xx_adc.o(i.ADC_ClearITPendingBit), (10 bytes).
    Removing stm32f4xx_adc.o(i.ADC_CommonStructInit), (12 bytes).
    Removing stm32f4xx_adc.o(i.ADC_ContinuousModeCmd), (22 bytes).
    Removing stm32f4xx_adc.o(i.ADC_DMARequestAfterLastTransferCmd), (22 bytes).
    Removing stm32f4xx_adc.o(i.ADC_DeInit), (22 bytes).
    Removing stm32f4xx_adc.o(i.ADC_DiscModeChannelCountConfig), (24 bytes).
    Removing stm32f4xx_adc.o(i.ADC_DiscModeCmd), (22 bytes).
    Removing stm32f4xx_adc.o(i.ADC_EOCOnEachRegularChannelCmd), (22 bytes).
    Removing stm32f4xx_adc.o(i.ADC_ExternalTrigInjectedConvConfig), (16 bytes).
    Removing stm32f4xx_adc.o(i.ADC_ExternalTrigInjectedConvEdgeConfig), (16 bytes).
    Removing stm32f4xx_adc.o(i.ADC_GetConversionValue), (8 bytes).
    Removing stm32f4xx_adc.o(i.ADC_GetFlagStatus), (18 bytes).
    Removing stm32f4xx_adc.o(i.ADC_GetITStatus), (38 bytes).
    Removing stm32f4xx_adc.o(i.ADC_GetInjectedConversionValue), (28 bytes).
    Removing stm32f4xx_adc.o(i.ADC_GetMultiModeConversionValue), (12 bytes).
    Removing stm32f4xx_adc.o(i.ADC_GetSoftwareStartConvStatus), (20 bytes).
    Removing stm32f4xx_adc.o(i.ADC_GetSoftwareStartInjectedConvCmdStatus), (20 bytes).
    Removing stm32f4xx_adc.o(i.ADC_ITConfig), (32 bytes).
    Removing stm32f4xx_adc.o(i.ADC_InjectedChannelConfig), (130 bytes).
    Removing stm32f4xx_adc.o(i.ADC_InjectedDiscModeCmd), (22 bytes).
    Removing stm32f4xx_adc.o(i.ADC_InjectedSequencerLengthConfig), (24 bytes).
    Removing stm32f4xx_adc.o(i.ADC_MultiModeDMARequestAfterLastTransferCmd), (44 bytes).
    Removing stm32f4xx_adc.o(i.ADC_RegularChannelConfig), (184 bytes).
    Removing stm32f4xx_adc.o(i.ADC_SetInjectedOffset), (20 bytes).
    Removing stm32f4xx_adc.o(i.ADC_SoftwareStartConv), (10 bytes).
    Removing stm32f4xx_adc.o(i.ADC_SoftwareStartInjectedConv), (10 bytes).
    Removing stm32f4xx_adc.o(i.ADC_StructInit), (20 bytes).
    Removing stm32f4xx_adc.o(i.ADC_TempSensorVrefintCmd), (44 bytes).
    Removing stm32f4xx_adc.o(i.ADC_VBATCmd), (44 bytes).
    Removing stm32f4xx_dma.o(.rev16_text), (4 bytes).
    Removing stm32f4xx_dma.o(.revsh_text), (4 bytes).
    Removing stm32f4xx_dma.o(i.DMA_ClearFlag), (52 bytes).
    Removing stm32f4xx_dma.o(i.DMA_Cmd), (22 bytes).
    Removing stm32f4xx_dma.o(i.DMA_DeInit), (344 bytes).
    Removing stm32f4xx_dma.o(i.DMA_DoubleBufferModeCmd), (22 bytes).
    Removing stm32f4xx_dma.o(i.DMA_DoubleBufferModeConfig), (24 bytes).
    Removing stm32f4xx_dma.o(i.DMA_FlowControllerConfig), (22 bytes).
    Removing stm32f4xx_dma.o(i.DMA_GetCmdStatus), (20 bytes).
    Removing stm32f4xx_dma.o(i.DMA_GetCurrDataCounter), (8 bytes).
    Removing stm32f4xx_dma.o(i.DMA_GetCurrentMemoryTarget), (20 bytes).
    Removing stm32f4xx_dma.o(i.DMA_GetFIFOStatus), (12 bytes).
    Removing stm32f4xx_dma.o(i.DMA_GetFlagStatus), (68 bytes).
    Removing stm32f4xx_dma.o(i.DMA_ITConfig), (58 bytes).
    Removing stm32f4xx_dma.o(i.DMA_Init), (88 bytes).
    Removing stm32f4xx_dma.o(i.DMA_MemoryTargetConfig), (10 bytes).
    Removing stm32f4xx_dma.o(i.DMA_PeriphIncOffsetSizeConfig), (22 bytes).
    Removing stm32f4xx_dma.o(i.DMA_SetCurrDataCounter), (4 bytes).
    Removing stm32f4xx_dma.o(i.DMA_StructInit), (34 bytes).
    Removing stm32f4xx_tim.o(.rev16_text), (4 bytes).
    Removing stm32f4xx_tim.o(.revsh_text), (4 bytes).
    Removing stm32f4xx_tim.o(i.TI1_Config), (58 bytes).
    Removing stm32f4xx_tim.o(i.TI2_Config), (80 bytes).
    Removing stm32f4xx_tim.o(i.TI3_Config), (72 bytes).
    Removing stm32f4xx_tim.o(i.TI4_Config), (80 bytes).
    Removing stm32f4xx_tim.o(i.TIM_ARRPreloadConfig), (24 bytes).
    Removing stm32f4xx_tim.o(i.TIM_BDTRConfig), (32 bytes).
    Removing stm32f4xx_tim.o(i.TIM_BDTRStructInit), (18 bytes).
    Removing stm32f4xx_tim.o(i.TIM_CCPreloadControl), (24 bytes).
    Removing stm32f4xx_tim.o(i.TIM_CCxCmd), (30 bytes).
    Removing stm32f4xx_tim.o(i.TIM_CCxNCmd), (30 bytes).
    Removing stm32f4xx_tim.o(i.TIM_ClearFlag), (6 bytes).
    Removing stm32f4xx_tim.o(i.TIM_ClearOC1Ref), (18 bytes).
    Removing stm32f4xx_tim.o(i.TIM_ClearOC2Ref), (24 bytes).
    Removing stm32f4xx_tim.o(i.TIM_ClearOC3Ref), (18 bytes).
    Removing stm32f4xx_tim.o(i.TIM_ClearOC4Ref), (24 bytes).
    Removing stm32f4xx_tim.o(i.TIM_CounterModeConfig), (18 bytes).
    Removing stm32f4xx_tim.o(i.TIM_CtrlPWMOutputs), (30 bytes).
    Removing stm32f4xx_tim.o(i.TIM_DMACmd), (18 bytes).
    Removing stm32f4xx_tim.o(i.TIM_DMAConfig), (10 bytes).
    Removing stm32f4xx_tim.o(i.TIM_DeInit), (400 bytes).
    Removing stm32f4xx_tim.o(i.TIM_ETRClockMode1Config), (54 bytes).
    Removing stm32f4xx_tim.o(i.TIM_ETRClockMode2Config), (32 bytes).
    Removing stm32f4xx_tim.o(i.TIM_ETRConfig), (28 bytes).
    Removing stm32f4xx_tim.o(i.TIM_EncoderInterfaceConfig), (66 bytes).
    Removing stm32f4xx_tim.o(i.TIM_ForcedOC1Config), (18 bytes).
    Removing stm32f4xx_tim.o(i.TIM_ForcedOC2Config), (26 bytes).
    Removing stm32f4xx_tim.o(i.TIM_ForcedOC3Config), (18 bytes).
    Removing stm32f4xx_tim.o(i.TIM_ForcedOC4Config), (26 bytes).
    Removing stm32f4xx_tim.o(i.TIM_GenerateEvent), (4 bytes).
    Removing stm32f4xx_tim.o(i.TIM_GetCapture1), (6 bytes).
    Removing stm32f4xx_tim.o(i.TIM_GetCapture2), (6 bytes).
    Removing stm32f4xx_tim.o(i.TIM_GetCapture3), (6 bytes).
    Removing stm32f4xx_tim.o(i.TIM_GetCapture4), (6 bytes).
    Removing stm32f4xx_tim.o(i.TIM_GetCounter), (6 bytes).
    Removing stm32f4xx_tim.o(i.TIM_GetFlagStatus), (18 bytes).
    Removing stm32f4xx_tim.o(i.TIM_GetPrescaler), (6 bytes).
    Removing stm32f4xx_tim.o(i.TIM_ICInit), (110 bytes).
    Removing stm32f4xx_tim.o(i.TIM_ICStructInit), (18 bytes).
    Removing stm32f4xx_tim.o(i.TIM_ITRxExternalClockConfig), (24 bytes).
    Removing stm32f4xx_tim.o(i.TIM_InternalClockConfig), (12 bytes).
    Removing stm32f4xx_tim.o(i.TIM_OC1FastConfig), (18 bytes).
    Removing stm32f4xx_tim.o(i.TIM_OC1Init), (124 bytes).
    Removing stm32f4xx_tim.o(i.TIM_OC1NPolarityConfig), (18 bytes).
    Removing stm32f4xx_tim.o(i.TIM_OC1PolarityConfig), (18 bytes).
    Removing stm32f4xx_tim.o(i.TIM_OC1PreloadConfig), (18 bytes).
    Removing stm32f4xx_tim.o(i.TIM_OC2FastConfig), (26 bytes).
    Removing stm32f4xx_tim.o(i.TIM_OC2Init), (164 bytes).
    Removing stm32f4xx_tim.o(i.TIM_OC2NPolarityConfig), (26 bytes).
    Removing stm32f4xx_tim.o(i.TIM_OC2PolarityConfig), (26 bytes).
    Removing stm32f4xx_tim.o(i.TIM_OC2PreloadConfig), (26 bytes).
    Removing stm32f4xx_tim.o(i.TIM_OC3FastConfig), (18 bytes).
    Removing stm32f4xx_tim.o(i.TIM_OC3Init), (160 bytes).
    Removing stm32f4xx_tim.o(i.TIM_OC3NPolarityConfig), (26 bytes).
    Removing stm32f4xx_tim.o(i.TIM_OC3PolarityConfig), (26 bytes).
    Removing stm32f4xx_tim.o(i.TIM_OC3PreloadConfig), (18 bytes).
    Removing stm32f4xx_tim.o(i.TIM_OC4FastConfig), (26 bytes).
    Removing stm32f4xx_tim.o(i.TIM_OC4Init), (120 bytes).
    Removing stm32f4xx_tim.o(i.TIM_OC4PolarityConfig), (26 bytes).
    Removing stm32f4xx_tim.o(i.TIM_OC4PreloadConfig), (26 bytes).
    Removing stm32f4xx_tim.o(i.TIM_OCStructInit), (20 bytes).
    Removing stm32f4xx_tim.o(i.TIM_PWMIConfig), (124 bytes).
    Removing stm32f4xx_tim.o(i.TIM_PrescalerConfig), (6 bytes).
    Removing stm32f4xx_tim.o(i.TIM_RemapConfig), (6 bytes).
    Removing stm32f4xx_tim.o(i.TIM_SelectCCDMA), (24 bytes).
    Removing stm32f4xx_tim.o(i.TIM_SelectCOM), (24 bytes).
    Removing stm32f4xx_tim.o(i.TIM_SelectHallSensor), (24 bytes).
    Removing stm32f4xx_tim.o(i.TIM_SelectInputTrigger), (18 bytes).
    Removing stm32f4xx_tim.o(i.TIM_SelectMasterSlaveMode), (18 bytes).
    Removing stm32f4xx_tim.o(i.TIM_SelectOCxM), (86 bytes).
    Removing stm32f4xx_tim.o(i.TIM_SelectOnePulseMode), (18 bytes).
    Removing stm32f4xx_tim.o(i.TIM_SelectOutputTrigger), (18 bytes).
    Removing stm32f4xx_tim.o(i.TIM_SelectSlaveMode), (18 bytes).
    Removing stm32f4xx_tim.o(i.TIM_SetAutoreload), (4 bytes).
    Removing stm32f4xx_tim.o(i.TIM_SetClockDivision), (18 bytes).
    Removing stm32f4xx_tim.o(i.TIM_SetCompare1), (4 bytes).
    Removing stm32f4xx_tim.o(i.TIM_SetCompare2), (4 bytes).
    Removing stm32f4xx_tim.o(i.TIM_SetCompare3), (4 bytes).
    Removing stm32f4xx_tim.o(i.TIM_SetCompare4), (4 bytes).
    Removing stm32f4xx_tim.o(i.TIM_SetCounter), (4 bytes).
    Removing stm32f4xx_tim.o(i.TIM_SetIC1Prescaler), (18 bytes).
    Removing stm32f4xx_tim.o(i.TIM_SetIC2Prescaler), (26 bytes).
    Removing stm32f4xx_tim.o(i.TIM_SetIC3Prescaler), (18 bytes).
    Removing stm32f4xx_tim.o(i.TIM_SetIC4Prescaler), (26 bytes).
    Removing stm32f4xx_tim.o(i.TIM_TIxExternalClockConfig), (62 bytes).
    Removing stm32f4xx_tim.o(i.TIM_TimeBaseStructInit), (18 bytes).
    Removing stm32f4xx_tim.o(i.TIM_UpdateDisableConfig), (24 bytes).
    Removing stm32f4xx_tim.o(i.TIM_UpdateRequestConfig), (24 bytes).
    Removing stm32f4xx_dac.o(.rev16_text), (4 bytes).
    Removing stm32f4xx_dac.o(.revsh_text), (4 bytes).
    Removing stm32f4xx_dac.o(i.DAC_ClearFlag), (16 bytes).
    Removing stm32f4xx_dac.o(i.DAC_ClearITPendingBit), (16 bytes).
    Removing stm32f4xx_dac.o(i.DAC_Cmd), (40 bytes).
    Removing stm32f4xx_dac.o(i.DAC_DMACmd), (44 bytes).
    Removing stm32f4xx_dac.o(i.DAC_DeInit), (22 bytes).
    Removing stm32f4xx_dac.o(i.DAC_DualSoftwareTriggerCmd), (36 bytes).
    Removing stm32f4xx_dac.o(i.DAC_GetDataOutputValue), (36 bytes).
    Removing stm32f4xx_dac.o(i.DAC_GetFlagStatus), (32 bytes).
    Removing stm32f4xx_dac.o(i.DAC_GetITStatus), (48 bytes).
    Removing stm32f4xx_dac.o(i.DAC_ITConfig), (40 bytes).
    Removing stm32f4xx_dac.o(i.DAC_Init), (52 bytes).
    Removing stm32f4xx_dac.o(i.DAC_SetChannel1Data), (32 bytes).
    Removing stm32f4xx_dac.o(i.DAC_SetChannel2Data), (32 bytes).
    Removing stm32f4xx_dac.o(i.DAC_SetDualChannelData), (36 bytes).
    Removing stm32f4xx_dac.o(i.DAC_SoftwareTriggerCmd), (44 bytes).
    Removing stm32f4xx_dac.o(i.DAC_StructInit), (12 bytes).
    Removing stm32f4xx_dac.o(i.DAC_WaveGenerationCmd), (40 bytes).
    Removing dfltui.o(.text), (26 bytes).
    Removing f2d.o(.text), (38 bytes).
    Removing cdcmple.o(.text), (48 bytes).
    Removing d2f.o(.text), (56 bytes).
    Removing fepilogue.o(.text), (110 bytes).

388 unused section(s) (total 23922 bytes) removed from the image.

==============================================================================

Image Symbol Table

    Local Symbols

    Symbol Name                              Value     Ov Type        Size  Object(Section)

    ../clib/../cmprslib/zerorunl2.c          0x00000000   Number         0  __dczerorl2.o ABSOLUTE
    ../clib/microlib/division.c              0x00000000   Number         0  uldiv.o ABSOLUTE
    ../clib/microlib/division.c              0x00000000   Number         0  uidiv.o ABSOLUTE
    ../clib/microlib/init/entry.s            0x00000000   Number         0  entry2.o ABSOLUTE
    ../clib/microlib/init/entry.s            0x00000000   Number         0  entry9a.o ABSOLUTE
    ../clib/microlib/init/entry.s            0x00000000   Number         0  entry11a.o ABSOLUTE
    ../clib/microlib/init/entry.s            0x00000000   Number         0  entry8b.o ABSOLUTE
    ../clib/microlib/init/entry.s            0x00000000   Number         0  entry8a.o ABSOLUTE
    ../clib/microlib/init/entry.s            0x00000000   Number         0  entry7b.o ABSOLUTE
    ../clib/microlib/init/entry.s            0x00000000   Number         0  entry7a.o ABSOLUTE
    ../clib/microlib/init/entry.s            0x00000000   Number         0  entry11b.o ABSOLUTE
    ../clib/microlib/init/entry.s            0x00000000   Number         0  entry10b.o ABSOLUTE
    ../clib/microlib/init/entry.s            0x00000000   Number         0  entry9b.o ABSOLUTE
    ../clib/microlib/init/entry.s            0x00000000   Number         0  entry10a.o ABSOLUTE
    ../clib/microlib/init/entry.s            0x00000000   Number         0  entry5.o ABSOLUTE
    ../clib/microlib/init/entry.s            0x00000000   Number         0  entry.o ABSOLUTE
    ../clib/microlib/longlong.c              0x00000000   Number         0  llushr.o ABSOLUTE
    ../clib/microlib/longlong.c              0x00000000   Number         0  llsshr.o ABSOLUTE
    ../clib/microlib/longlong.c              0x00000000   Number         0  llshl.o ABSOLUTE
    ../clib/microlib/printf/printf.c         0x00000000   Number         0  printf1.o ABSOLUTE
    ../clib/microlib/printf/printf.c         0x00000000   Number         0  printf5.o ABSOLUTE
    ../clib/microlib/printf/printf.c         0x00000000   Number         0  printf0.o ABSOLUTE
    ../clib/microlib/printf/printf.c         0x00000000   Number         0  printf4.o ABSOLUTE
    ../clib/microlib/printf/printf.c         0x00000000   Number         0  printfb.o ABSOLUTE
    ../clib/microlib/printf/printf.c         0x00000000   Number         0  printf6.o ABSOLUTE
    ../clib/microlib/printf/printf.c         0x00000000   Number         0  printf8.o ABSOLUTE
    ../clib/microlib/printf/printf.c         0x00000000   Number         0  printfa.o ABSOLUTE
    ../clib/microlib/printf/printf.c         0x00000000   Number         0  printf7.o ABSOLUTE
    ../clib/microlib/printf/printf.c         0x00000000   Number         0  printf3.o ABSOLUTE
    ../clib/microlib/printf/printf.c         0x00000000   Number         0  printf2.o ABSOLUTE
    ../clib/microlib/printf/stubs.s          0x00000000   Number         0  stubs.o ABSOLUTE
    ../clib/microlib/string/memcpy.c         0x00000000   Number         0  memcpyb.o ABSOLUTE
    ../clib/microlib/string/memcpy.c         0x00000000   Number         0  memcpya.o ABSOLUTE
    ../clib/microlib/string/strlen.c         0x00000000   Number         0  strlen.o ABSOLUTE
    ../clib/microlib/stubs.s                 0x00000000   Number         0  iusefp.o ABSOLUTE
    ../clib/microlib/stubs.s                 0x00000000   Number         0  useno.o ABSOLUTE
    ../fplib/microlib/d2f.c                  0x00000000   Number         0  d2f.o ABSOLUTE
    ../fplib/microlib/f2d.c                  0x00000000   Number         0  f2d.o ABSOLUTE
    ../fplib/microlib/fpadd.c                0x00000000   Number         0  dadd.o ABSOLUTE
    ../fplib/microlib/fpdiv.c                0x00000000   Number         0  ddiv.o ABSOLUTE
    ../fplib/microlib/fpepilogue.c           0x00000000   Number         0  depilogue.o ABSOLUTE
    ../fplib/microlib/fpepilogue.c           0x00000000   Number         0  fepilogue.o ABSOLUTE
    ../fplib/microlib/fpfix.c                0x00000000   Number         0  dfixul.o ABSOLUTE
    ../fplib/microlib/fpflt.c                0x00000000   Number         0  dfltui.o ABSOLUTE
    ../fplib/microlib/fpmul.c                0x00000000   Number         0  dmul.o ABSOLUTE
    ../mathlib/fabs.c                        0x00000000   Number         0  fabs.o ABSOLUTE
    ..\CORE\startup_stm32f40_41xxx.s         0x00000000   Number         0  startup_stm32f40_41xxx.o ABSOLUTE
    ..\FWLIB\src\misc.c                      0x00000000   Number         0  misc.o ABSOLUTE
    ..\FWLIB\src\stm32f4xx_adc.c             0x00000000   Number         0  stm32f4xx_adc.o ABSOLUTE
    ..\FWLIB\src\stm32f4xx_dac.c             0x00000000   Number         0  stm32f4xx_dac.o ABSOLUTE
    ..\FWLIB\src\stm32f4xx_dma.c             0x00000000   Number         0  stm32f4xx_dma.o ABSOLUTE
    ..\FWLIB\src\stm32f4xx_exti.c            0x00000000   Number         0  stm32f4xx_exti.o ABSOLUTE
    ..\FWLIB\src\stm32f4xx_gpio.c            0x00000000   Number         0  stm32f4xx_gpio.o ABSOLUTE
    ..\FWLIB\src\stm32f4xx_rcc.c             0x00000000   Number         0  stm32f4xx_rcc.o ABSOLUTE
    ..\FWLIB\src\stm32f4xx_rng.c             0x00000000   Number         0  stm32f4xx_rng.o ABSOLUTE
    ..\FWLIB\src\stm32f4xx_spi.c             0x00000000   Number         0  stm32f4xx_spi.o ABSOLUTE
    ..\FWLIB\src\stm32f4xx_syscfg.c          0x00000000   Number         0  stm32f4xx_syscfg.o ABSOLUTE
    ..\FWLIB\src\stm32f4xx_tim.c             0x00000000   Number         0  stm32f4xx_tim.o ABSOLUTE
    ..\FWLIB\src\stm32f4xx_usart.c           0x00000000   Number         0  stm32f4xx_usart.o ABSOLUTE
    ..\HARDWARE\ADC\adc.c                    0x00000000   Number         0  adc.o ABSOLUTE
    ..\HARDWARE\EXTI\exti.c                  0x00000000   Number         0  exti.o ABSOLUTE
    ..\HARDWARE\LCD\ili9341.c                0x00000000   Number         0  ili9341.o ABSOLUTE
    ..\HARDWARE\RELAY\relay.c                0x00000000   Number         0  relay.o ABSOLUTE
    ..\HARDWARE\TIM\tim.c                    0x00000000   Number         0  tim.o ABSOLUTE
    ..\HARDWARE\USART3\usart3.c              0x00000000   Number         0  usart3.o ABSOLUTE
    ..\HARDWARE\menu\menu.c                  0x00000000   Number         0  menu.o ABSOLUTE
    ..\SYSTEM\delay\delay.c                  0x00000000   Number         0  delay.o ABSOLUTE
    ..\SYSTEM\sys\sys.c                      0x00000000   Number         0  sys.o ABSOLUTE
    ..\SYSTEM\usart\usart.c                  0x00000000   Number         0  usart.o ABSOLUTE
    ..\\FWLIB\\src\\misc.c                   0x00000000   Number         0  misc.o ABSOLUTE
    ..\\FWLIB\\src\\stm32f4xx_adc.c          0x00000000   Number         0  stm32f4xx_adc.o ABSOLUTE
    ..\\FWLIB\\src\\stm32f4xx_dac.c          0x00000000   Number         0  stm32f4xx_dac.o ABSOLUTE
    ..\\FWLIB\\src\\stm32f4xx_dma.c          0x00000000   Number         0  stm32f4xx_dma.o ABSOLUTE
    ..\\FWLIB\\src\\stm32f4xx_exti.c         0x00000000   Number         0  stm32f4xx_exti.o ABSOLUTE
    ..\\FWLIB\\src\\stm32f4xx_gpio.c         0x00000000   Number         0  stm32f4xx_gpio.o ABSOLUTE
    ..\\FWLIB\\src\\stm32f4xx_rcc.c          0x00000000   Number         0  stm32f4xx_rcc.o ABSOLUTE
    ..\\FWLIB\\src\\stm32f4xx_rng.c          0x00000000   Number         0  stm32f4xx_rng.o ABSOLUTE
    ..\\FWLIB\\src\\stm32f4xx_spi.c          0x00000000   Number         0  stm32f4xx_spi.o ABSOLUTE
    ..\\FWLIB\\src\\stm32f4xx_syscfg.c       0x00000000   Number         0  stm32f4xx_syscfg.o ABSOLUTE
    ..\\FWLIB\\src\\stm32f4xx_tim.c          0x00000000   Number         0  stm32f4xx_tim.o ABSOLUTE
    ..\\FWLIB\\src\\stm32f4xx_usart.c        0x00000000   Number         0  stm32f4xx_usart.o ABSOLUTE
    ..\\HARDWARE\\ADC\\adc.c                 0x00000000   Number         0  adc.o ABSOLUTE
    ..\\HARDWARE\\EXTI\\exti.c               0x00000000   Number         0  exti.o ABSOLUTE
    ..\\HARDWARE\\LCD\\ili9341.c             0x00000000   Number         0  ili9341.o ABSOLUTE
    ..\\HARDWARE\\RELAY\\relay.c             0x00000000   Number         0  relay.o ABSOLUTE
    ..\\HARDWARE\\TIM\\tim.c                 0x00000000   Number         0  tim.o ABSOLUTE
    ..\\HARDWARE\\USART3\\usart3.c           0x00000000   Number         0  usart3.o ABSOLUTE
    ..\\HARDWARE\\menu\\menu.c               0x00000000   Number         0  menu.o ABSOLUTE
    ..\\SYSTEM\\delay\\delay.c               0x00000000   Number         0  delay.o ABSOLUTE
    ..\\SYSTEM\\sys\\sys.c                   0x00000000   Number         0  sys.o ABSOLUTE
    ..\\SYSTEM\\usart\\usart.c               0x00000000   Number         0  usart.o ABSOLUTE
    cdcmple.s                                0x00000000   Number         0  cdcmple.o ABSOLUTE
    cdrcmple.s                               0x00000000   Number         0  cdrcmple.o ABSOLUTE
    dc.s                                     0x00000000   Number         0  dc.o ABSOLUTE
    handlers.s                               0x00000000   Number         0  handlers.o ABSOLUTE
    init.s                                   0x00000000   Number         0  init.o ABSOLUTE
    main.c                                   0x00000000   Number         0  main.o ABSOLUTE
    main.c                                   0x00000000   Number         0  main.o ABSOLUTE
    stm32f4xx_it.c                           0x00000000   Number         0  stm32f4xx_it.o ABSOLUTE
    stm32f4xx_it.c                           0x00000000   Number         0  stm32f4xx_it.o ABSOLUTE
    system_stm32f4xx.c                       0x00000000   Number         0  system_stm32f4xx.o ABSOLUTE
    system_stm32f4xx.c                       0x00000000   Number         0  system_stm32f4xx.o ABSOLUTE
    RESET                                    0x08000000   Section      392  startup_stm32f40_41xxx.o(RESET)
    .ARM.Collect$$$$00000000                 0x08000188   Section        0  entry.o(.ARM.Collect$$$$00000000)
    .ARM.Collect$$$$00000001                 0x08000188   Section        4  entry2.o(.ARM.Collect$$$$00000001)
    .ARM.Collect$$$$00000004                 0x0800018c   Section        4  entry5.o(.ARM.Collect$$$$00000004)
    .ARM.Collect$$$$00000008                 0x08000190   Section        0  entry7b.o(.ARM.Collect$$$$00000008)
    .ARM.Collect$$$$0000000A                 0x08000190   Section        0  entry8b.o(.ARM.Collect$$$$0000000A)
    .ARM.Collect$$$$0000000B                 0x08000190   Section        8  entry9a.o(.ARM.Collect$$$$0000000B)
    .ARM.Collect$$$$0000000D                 0x08000198   Section        0  entry10a.o(.ARM.Collect$$$$0000000D)
    .ARM.Collect$$$$0000000F                 0x08000198   Section        0  entry11a.o(.ARM.Collect$$$$0000000F)
    .ARM.Collect$$$$00002712                 0x08000198   Section        4  entry2.o(.ARM.Collect$$$$00002712)
    __lit__00000000                          0x08000198   Data           4  entry2.o(.ARM.Collect$$$$00002712)
    .text                                    0x0800019c   Section       36  startup_stm32f40_41xxx.o(.text)
    $v0                                      0x0800019c   Number         0  startup_stm32f40_41xxx.o(.text)
    .text                                    0x080001c0   Section        0  dadd.o(.text)
    .text                                    0x0800030e   Section        0  dmul.o(.text)
    .text                                    0x080003f2   Section        0  ddiv.o(.text)
    .text                                    0x080004d0   Section       48  cdrcmple.o(.text)
    .text                                    0x08000500   Section        0  uidiv.o(.text)
    .text                                    0x0800052c   Section        0  uldiv.o(.text)
    .text                                    0x0800058e   Section        0  llshl.o(.text)
    .text                                    0x080005ac   Section        0  llsshr.o(.text)
    .text                                    0x080005d0   Section        0  depilogue.o(.text)
    .text                                    0x080005d0   Section        0  iusefp.o(.text)
    .text                                    0x0800068a   Section        0  dfixul.o(.text)
    .text                                    0x080006bc   Section       36  init.o(.text)
    .text                                    0x080006e0   Section        0  llushr.o(.text)
    .text                                    0x08000700   Section        0  __dczerorl2.o(.text)
    i.ADC2_Int_Init                          0x08000758   Section        0  adc.o(i.ADC2_Int_Init)
    i.ADC_Cmd                                0x080007dc   Section        0  stm32f4xx_adc.o(i.ADC_Cmd)
    i.ADC_CommonInit                         0x080007f4   Section        0  stm32f4xx_adc.o(i.ADC_CommonInit)
    i.ADC_DMACmd                             0x08000824   Section        0  stm32f4xx_adc.o(i.ADC_DMACmd)
    i.ADC_DMA_Pause                          0x0800083c   Section        0  adc.o(i.ADC_DMA_Pause)
    i.ADC_Init                               0x08000864   Section        0  stm32f4xx_adc.o(i.ADC_Init)
    i.BusFault_Handler                       0x080008b8   Section        0  stm32f4xx_it.o(i.BusFault_Handler)
    i.DMA2_Stream0_IRQHandler                0x080008bc   Section        0  adc.o(i.DMA2_Stream0_IRQHandler)
    i.DMA_ClearITPendingBit                  0x0800095c   Section        0  stm32f4xx_dma.o(i.DMA_ClearITPendingBit)
    i.DMA_GetITStatus                        0x08000990   Section        0  stm32f4xx_dma.o(i.DMA_GetITStatus)
    i.DebugMon_Handler                       0x080009f4   Section        0  stm32f4xx_it.o(i.DebugMon_Handler)
    i.EXTI0_IRQHandler                       0x080009f8   Section        0  exti.o(i.EXTI0_IRQHandler)
    i.EXTI2_IRQHandler                       0x08000a54   Section        0  exti.o(i.EXTI2_IRQHandler)
    i.EXTI9_5_IRQHandler                     0x08000ac8   Section        0  exti.o(i.EXTI9_5_IRQHandler)
    i.EXTI_ClearITPendingBit                 0x08000b3c   Section        0  stm32f4xx_exti.o(i.EXTI_ClearITPendingBit)
    i.EXTI_Init                              0x08000b48   Section        0  stm32f4xx_exti.o(i.EXTI_Init)
    i.GPIO_Init                              0x08000bdc   Section        0  stm32f4xx_gpio.o(i.GPIO_Init)
    i.GPIO_PinAFConfig                       0x08000c6c   Section        0  stm32f4xx_gpio.o(i.GPIO_PinAFConfig)
    i.GPIO_ResetBits                         0x08000cb2   Section        0  stm32f4xx_gpio.o(i.GPIO_ResetBits)
    i.GPIO_SetBits                           0x08000cb6   Section        0  stm32f4xx_gpio.o(i.GPIO_SetBits)
    i.HardFault_Handler                      0x08000cba   Section        0  stm32f4xx_it.o(i.HardFault_Handler)
    i.KEY_EXTI_Init                          0x08000cc0   Section        0  exti.o(i.KEY_EXTI_Init)
    i.LCD_Address_Set                        0x08000da4   Section        0  ili9341.o(i.LCD_Address_Set)
    i.LCD_Clear                              0x08000dde   Section        0  ili9341.o(i.LCD_Clear)
    i.LCD_ShowChinese                        0x08000e10   Section        0  ili9341.o(i.LCD_ShowChinese)
    i.LCD_Show_C1_Open                       0x08000e88   Section        0  ili9341.o(i.LCD_Show_C1_Open)
    i.LCD_Show_C1_x2                         0x08000ed4   Section        0  ili9341.o(i.LCD_Show_C1_x2)
    i.LCD_Show_C2_Open                       0x08000f20   Section        0  ili9341.o(i.LCD_Show_C2_Open)
    i.LCD_Show_C2_x2                         0x08000f6c   Section        0  ili9341.o(i.LCD_Show_C2_x2)
    i.LCD_Show_C3_Open                       0x08000fb8   Section        0  ili9341.o(i.LCD_Show_C3_Open)
    i.LCD_Show_C3_x2                         0x08001004   Section        0  ili9341.o(i.LCD_Show_C3_x2)
    i.LCD_Show_Normal                        0x08001050   Section        0  ili9341.o(i.LCD_Show_Normal)
    i.LCD_Show_R1_Open                       0x0800109c   Section        0  ili9341.o(i.LCD_Show_R1_Open)
    i.LCD_Show_R1_Short                      0x080010e8   Section        0  ili9341.o(i.LCD_Show_R1_Short)
    i.LCD_Show_R2_Open                       0x08001134   Section        0  ili9341.o(i.LCD_Show_R2_Open)
    i.LCD_Show_R2_Short                      0x08001180   Section        0  ili9341.o(i.LCD_Show_R2_Short)
    i.LCD_Show_R3_Open                       0x080011cc   Section        0  ili9341.o(i.LCD_Show_R3_Open)
    i.LCD_Show_R3_Short                      0x08001218   Section        0  ili9341.o(i.LCD_Show_R3_Short)
    i.LCD_Show_R4_Open                       0x08001264   Section        0  ili9341.o(i.LCD_Show_R4_Open)
    i.LCD_Show_R4_Short                      0x080012b0   Section        0  ili9341.o(i.LCD_Show_R4_Short)
    i.LCD_WR_DATA                            0x080012fc   Section        0  ili9341.o(i.LCD_WR_DATA)
    i.LCD_WR_DATA8                           0x0800131c   Section        0  ili9341.o(i.LCD_WR_DATA8)
    i.LCD_WR_REG                             0x08001334   Section        0  ili9341.o(i.LCD_WR_REG)
    i.LCD_Writ_Bus                           0x0800134c   Section        0  ili9341.o(i.LCD_Writ_Bus)
    i.LCDx_Init                              0x08001358   Section        0  ili9341.o(i.LCDx_Init)
    i.MemManage_Handler                      0x080015c0   Section        0  stm32f4xx_it.o(i.MemManage_Handler)
    i.NMI_Handler                            0x080015c4   Section        0  stm32f4xx_it.o(i.NMI_Handler)
    i.NVIC_Init                              0x080015c8   Section        0  misc.o(i.NVIC_Init)
    i.NVIC_PriorityGroupConfig               0x08001640   Section        0  misc.o(i.NVIC_PriorityGroupConfig)
    i.PendSV_Handler                         0x08001654   Section        0  stm32f4xx_it.o(i.PendSV_Handler)
    i.RCC_AHB1PeriphClockCmd                 0x08001658   Section        0  stm32f4xx_rcc.o(i.RCC_AHB1PeriphClockCmd)
    i.RCC_APB1PeriphClockCmd                 0x08001678   Section        0  stm32f4xx_rcc.o(i.RCC_APB1PeriphClockCmd)
    i.RCC_APB2PeriphClockCmd                 0x08001698   Section        0  stm32f4xx_rcc.o(i.RCC_APB2PeriphClockCmd)
    i.RCC_APB2PeriphResetCmd                 0x080016b8   Section        0  stm32f4xx_rcc.o(i.RCC_APB2PeriphResetCmd)
    i.RCC_GetClocksFreq                      0x080016d8   Section        0  stm32f4xx_rcc.o(i.RCC_GetClocksFreq)
    i.Relay_Init                             0x080017c0   Section        0  relay.o(i.Relay_Init)
    i.Relay_Set                              0x08001878   Section        0  relay.o(i.Relay_Set)
    i.SPI1_Init                              0x08001afc   Section        0  ili9341.o(i.SPI1_Init)
    i.SPI1_ReadWriteByte                     0x08001bbc   Section        0  ili9341.o(i.SPI1_ReadWriteByte)
    i.SPI_Cmd                                0x08001bf4   Section        0  stm32f4xx_spi.o(i.SPI_Cmd)
    i.SPI_I2S_GetFlagStatus                  0x08001c0c   Section        0  stm32f4xx_spi.o(i.SPI_I2S_GetFlagStatus)
    i.SPI_I2S_ReceiveData                    0x08001c1e   Section        0  stm32f4xx_spi.o(i.SPI_I2S_ReceiveData)
    i.SPI_I2S_SendData                       0x08001c24   Section        0  stm32f4xx_spi.o(i.SPI_I2S_SendData)
    i.SPI_Init                               0x08001c28   Section        0  stm32f4xx_spi.o(i.SPI_Init)
    i.SVC_Handler                            0x08001c64   Section        0  stm32f4xx_it.o(i.SVC_Handler)
    i.SYSCFG_EXTILineConfig                  0x08001c68   Section        0  stm32f4xx_syscfg.o(i.SYSCFG_EXTILineConfig)
    i.SetSysClock                            0x08001ca8   Section        0  system_stm32f4xx.o(i.SetSysClock)
    SetSysClock                              0x08001ca9   Thumb Code   220  system_stm32f4xx.o(i.SetSysClock)
    i.SysTick_CLKSourceConfig                0x08001d94   Section        0  misc.o(i.SysTick_CLKSourceConfig)
    i.SysTick_Handler                        0x08001dbc   Section        0  stm32f4xx_it.o(i.SysTick_Handler)
    i.SystemInit                             0x08001dc0   Section        0  system_stm32f4xx.o(i.SystemInit)
    i.TIM7_IRQHandler                        0x08001e28   Section        0  tim.o(i.TIM7_IRQHandler)
    i.TIM7_Int_Init                          0x08001e58   Section        0  tim.o(i.TIM7_Int_Init)
    i.TIM_ClearITPendingBit                  0x08001ee8   Section        0  stm32f4xx_tim.o(i.TIM_ClearITPendingBit)
    i.TIM_Cmd                                0x08001eee   Section        0  stm32f4xx_tim.o(i.TIM_Cmd)
    i.TIM_GetITStatus                        0x08001f06   Section        0  stm32f4xx_tim.o(i.TIM_GetITStatus)
    i.TIM_ITConfig                           0x08001f28   Section        0  stm32f4xx_tim.o(i.TIM_ITConfig)
    i.TIM_TimeBaseInit                       0x08001f3c   Section        0  stm32f4xx_tim.o(i.TIM_TimeBaseInit)
    i.USART1_IRQHandler                      0x08001fc0   Section        0  usart.o(i.USART1_IRQHandler)
    i.USART3_IRQHandler                      0x08002048   Section        0  usart3.o(i.USART3_IRQHandler)
    i.USART_Cmd                              0x080020d0   Section        0  stm32f4xx_usart.o(i.USART_Cmd)
    i.USART_GetITStatus                      0x080020e8   Section        0  stm32f4xx_usart.o(i.USART_GetITStatus)
    i.USART_ITConfig                         0x0800213c   Section        0  stm32f4xx_usart.o(i.USART_ITConfig)
    i.USART_Init                             0x08002188   Section        0  stm32f4xx_usart.o(i.USART_Init)
    i.USART_ReceiveData                      0x0800225c   Section        0  stm32f4xx_usart.o(i.USART_ReceiveData)
    i.UsageFault_Handler                     0x08002266   Section        0  stm32f4xx_it.o(i.UsageFault_Handler)
    i.__0printf                              0x0800226c   Section        0  printfa.o(i.__0printf)
    i.__scatterload_copy                     0x0800228c   Section       14  handlers.o(i.__scatterload_copy)
    i.__scatterload_null                     0x0800229a   Section        2  handlers.o(i.__scatterload_null)
    i.__scatterload_zeroinit                 0x0800229c   Section       14  handlers.o(i.__scatterload_zeroinit)
    i._fp_digits                             0x080022ac   Section        0  printfa.o(i._fp_digits)
    _fp_digits                               0x080022ad   Thumb Code   366  printfa.o(i._fp_digits)
    i._printf_core                           0x08002430   Section        0  printfa.o(i._printf_core)
    _printf_core                             0x08002431   Thumb Code  1744  printfa.o(i._printf_core)
    i._printf_post_padding                   0x08002b0c   Section        0  printfa.o(i._printf_post_padding)
    _printf_post_padding                     0x08002b0d   Thumb Code    36  printfa.o(i._printf_post_padding)
    i._printf_pre_padding                    0x08002b30   Section        0  printfa.o(i._printf_pre_padding)
    _printf_pre_padding                      0x08002b31   Thumb Code    46  printfa.o(i._printf_pre_padding)
    i.delay_init                             0x08002b60   Section        0  delay.o(i.delay_init)
    i.delay_ms                               0x08002b9c   Section        0  delay.o(i.delay_ms)
    i.delay_xms                              0x08002bd4   Section        0  delay.o(i.delay_xms)
    i.fputc                                  0x08002c20   Section        0  usart.o(i.fputc)
    i.main                                   0x08002c3c   Section        0  main.o(i.main)
    i.uart_init                              0x08002d4c   Section        0  usart.o(i.uart_init)
    .data                                    0x20000000   Section       56  main.o(.data)
    Normal_IN_Zx                             0x20000004   Data           4  main.o(.data)
    Normal_OUT_Zx                            0x20000008   Data           4  main.o(.data)
    Normal_Gain                              0x2000000c   Data           4  main.o(.data)
    Normal_FH                                0x20000010   Data           4  main.o(.data)
    .data                                    0x20000038   Section     1924  ili9341.o(.data)
    .data                                    0x200007bc   Section        2  menu.o(.data)
    .data                                    0x200007be   Section        2  exti.o(.data)
    .data                                    0x200007c0   Section        1  adc.o(.data)
    .data                                    0x200007c2   Section        2  usart3.o(.data)
    .data                                    0x200007c4   Section        4  delay.o(.data)
    fac_us                                   0x200007c4   Data           1  delay.o(.data)
    fac_ms                                   0x200007c6   Data           2  delay.o(.data)
    .data                                    0x200007c8   Section        6  usart.o(.data)
    .data                                    0x200007ce   Section       16  stm32f4xx_rcc.o(.data)
    APBAHBPrescTable                         0x200007ce   Data          16  stm32f4xx_rcc.o(.data)
    .bss                                     0x200007e0   Section    73824  main.o(.bss)
    .bss                                     0x20012840   Section     8192  adc.o(.bss)
    .bss                                     0x20014840   Section      511  usart3.o(.bss)
    .bss                                     0x20014a3f   Section      200  usart.o(.bss)
    STACK                                    0x20014b08   Section      128  startup_stm32f40_41xxx.o(STACK)

    Global Symbols

    Symbol Name                              Value     Ov Type        Size  Object(Section)

    BuildAttributes$$THM_ISAv4$E$P$D$K$B$S$7EM$VFPi3$EXTD16$VFPS$VFMA$PE$A:L22UL41UL21$X:L11$S22US41US21$IEEE1$IW$USESV6$~STKCKD$USESV7$~SHL$OTIME$ROPI$IEEEJ$EBA8$MICROLIB$REQ8$PRES8$EABIv2 0x00000000   Number         0  anon$$obj.o ABSOLUTE
    __ARM_use_no_argv                        0x00000000   Number         0  main.o ABSOLUTE
    __use_no_errno                           0x00000000   Number         0  useno.o ABSOLUTE
    __use_no_exception_handling              0x00000000   Number         0  useno.o ABSOLUTE
    __use_no_fp                              0x00000000   Number         0  useno.o ABSOLUTE
    __use_no_heap                            0x00000000   Number         0  useno.o ABSOLUTE
    __use_no_heap_region                     0x00000000   Number         0  useno.o ABSOLUTE
    __use_no_semihosting                     0x00000000   Number         0  useno.o ABSOLUTE
    __use_no_semihosting_swi                 0x00000000   Number         0  useno.o ABSOLUTE
    __use_no_signal_handling                 0x00000000   Number         0  useno.o ABSOLUTE
    _printf_a                                0x00000000   Number         0  stubs.o ABSOLUTE
    _printf_c                                0x00000000   Number         0  stubs.o ABSOLUTE
    _printf_charcount                        0x00000000   Number         0  stubs.o ABSOLUTE
    _printf_d                                0x00000000   Number         0  stubs.o ABSOLUTE
    _printf_e                                0x00000000   Number         0  stubs.o ABSOLUTE
    _printf_f                                0x00000000   Number         0  stubs.o ABSOLUTE
    _printf_flags                            0x00000000   Number         0  stubs.o ABSOLUTE
    _printf_fp_dec                           0x00000000   Number         0  stubs.o ABSOLUTE
    _printf_fp_hex                           0x00000000   Number         0  stubs.o ABSOLUTE
    _printf_g                                0x00000000   Number         0  stubs.o ABSOLUTE
    _printf_i                                0x00000000   Number         0  stubs.o ABSOLUTE
    _printf_int_dec                          0x00000000   Number         0  stubs.o ABSOLUTE
    _printf_l                                0x00000000   Number         0  stubs.o ABSOLUTE
    _printf_lc                               0x00000000   Number         0  stubs.o ABSOLUTE
    _printf_ll                               0x00000000   Number         0  stubs.o ABSOLUTE
    _printf_lld                              0x00000000   Number         0  stubs.o ABSOLUTE
    _printf_lli                              0x00000000   Number         0  stubs.o ABSOLUTE
    _printf_llo                              0x00000000   Number         0  stubs.o ABSOLUTE
    _printf_llu                              0x00000000   Number         0  stubs.o ABSOLUTE
    _printf_llx                              0x00000000   Number         0  stubs.o ABSOLUTE
    _printf_longlong_dec                     0x00000000   Number         0  stubs.o ABSOLUTE
    _printf_longlong_hex                     0x00000000   Number         0  stubs.o ABSOLUTE
    _printf_longlong_oct                     0x00000000   Number         0  stubs.o ABSOLUTE
    _printf_ls                               0x00000000   Number         0  stubs.o ABSOLUTE
    _printf_mbtowc                           0x00000000   Number         0  stubs.o ABSOLUTE
    _printf_n                                0x00000000   Number         0  stubs.o ABSOLUTE
    _printf_o                                0x00000000   Number         0  stubs.o ABSOLUTE
    _printf_p                                0x00000000   Number         0  stubs.o ABSOLUTE
    _printf_percent                          0x00000000   Number         0  stubs.o ABSOLUTE
    _printf_pre_padding                      0x00000000   Number         0  stubs.o ABSOLUTE
    _printf_return_value                     0x00000000   Number         0  stubs.o ABSOLUTE
    _printf_s                                0x00000000   Number         0  stubs.o ABSOLUTE
    _printf_sizespec                         0x00000000   Number         0  stubs.o ABSOLUTE
    _printf_str                              0x00000000   Number         0  stubs.o ABSOLUTE
    _printf_truncate_signed                  0x00000000   Number         0  stubs.o ABSOLUTE
    _printf_truncate_unsigned                0x00000000   Number         0  stubs.o ABSOLUTE
    _printf_u                                0x00000000   Number         0  stubs.o ABSOLUTE
    _printf_wc                               0x00000000   Number         0  stubs.o ABSOLUTE
    _printf_wctomb                           0x00000000   Number         0  stubs.o ABSOLUTE
    _printf_widthprec                        0x00000000   Number         0  stubs.o ABSOLUTE
    _printf_x                                0x00000000   Number         0  stubs.o ABSOLUTE
    __cpp_initialize__aeabi_                  - Undefined Weak Reference
    __cxa_finalize                            - Undefined Weak Reference
    _clock_init                               - Undefined Weak Reference
    _microlib_exit                            - Undefined Weak Reference
    __Vectors_Size                           0x00000188   Number         0  startup_stm32f40_41xxx.o ABSOLUTE
    __Vectors                                0x08000000   Data           4  startup_stm32f40_41xxx.o(RESET)
    __Vectors_End                            0x08000188   Data           0  startup_stm32f40_41xxx.o(RESET)
    __main                                   0x08000189   Thumb Code     0  entry.o(.ARM.Collect$$$$00000000)
    _main_stk                                0x08000189   Thumb Code     0  entry2.o(.ARM.Collect$$$$00000001)
    _main_scatterload                        0x0800018d   Thumb Code     0  entry5.o(.ARM.Collect$$$$00000004)
    __main_after_scatterload                 0x08000191   Thumb Code     0  entry5.o(.ARM.Collect$$$$00000004)
    _main_clock                              0x08000191   Thumb Code     0  entry7b.o(.ARM.Collect$$$$00000008)
    _main_cpp_init                           0x08000191   Thumb Code     0  entry8b.o(.ARM.Collect$$$$0000000A)
    _main_init                               0x08000191   Thumb Code     0  entry9a.o(.ARM.Collect$$$$0000000B)
    __rt_final_cpp                           0x08000199   Thumb Code     0  entry10a.o(.ARM.Collect$$$$0000000D)
    __rt_final_exit                          0x08000199   Thumb Code     0  entry11a.o(.ARM.Collect$$$$0000000F)
    Reset_Handler                            0x0800019d   Thumb Code     8  startup_stm32f40_41xxx.o(.text)
    ADC_IRQHandler                           0x080001b7   Thumb Code     0  startup_stm32f40_41xxx.o(.text)
    CAN1_RX0_IRQHandler                      0x080001b7   Thumb Code     0  startup_stm32f40_41xxx.o(.text)
    CAN1_RX1_IRQHandler                      0x080001b7   Thumb Code     0  startup_stm32f40_41xxx.o(.text)
    CAN1_SCE_IRQHandler                      0x080001b7   Thumb Code     0  startup_stm32f40_41xxx.o(.text)
    CAN1_TX_IRQHandler                       0x080001b7   Thumb Code     0  startup_stm32f40_41xxx.o(.text)
    CAN2_RX0_IRQHandler                      0x080001b7   Thumb Code     0  startup_stm32f40_41xxx.o(.text)
    CAN2_RX1_IRQHandler                      0x080001b7   Thumb Code     0  startup_stm32f40_41xxx.o(.text)
    CAN2_SCE_IRQHandler                      0x080001b7   Thumb Code     0  startup_stm32f40_41xxx.o(.text)
    CAN2_TX_IRQHandler                       0x080001b7   Thumb Code     0  startup_stm32f40_41xxx.o(.text)
    CRYP_IRQHandler                          0x080001b7   Thumb Code     0  startup_stm32f40_41xxx.o(.text)
    DCMI_IRQHandler                          0x080001b7   Thumb Code     0  startup_stm32f40_41xxx.o(.text)
    DMA1_Stream0_IRQHandler                  0x080001b7   Thumb Code     0  startup_stm32f40_41xxx.o(.text)
    DMA1_Stream1_IRQHandler                  0x080001b7   Thumb Code     0  startup_stm32f40_41xxx.o(.text)
    DMA1_Stream2_IRQHandler                  0x080001b7   Thumb Code     0  startup_stm32f40_41xxx.o(.text)
    DMA1_Stream3_IRQHandler                  0x080001b7   Thumb Code     0  startup_stm32f40_41xxx.o(.text)
    DMA1_Stream4_IRQHandler                  0x080001b7   Thumb Code     0  startup_stm32f40_41xxx.o(.text)
    DMA1_Stream5_IRQHandler                  0x080001b7   Thumb Code     0  startup_stm32f40_41xxx.o(.text)
    DMA1_Stream6_IRQHandler                  0x080001b7   Thumb Code     0  startup_stm32f40_41xxx.o(.text)
    DMA1_Stream7_IRQHandler                  0x080001b7   Thumb Code     0  startup_stm32f40_41xxx.o(.text)
    DMA2_Stream1_IRQHandler                  0x080001b7   Thumb Code     0  startup_stm32f40_41xxx.o(.text)
    DMA2_Stream2_IRQHandler                  0x080001b7   Thumb Code     0  startup_stm32f40_41xxx.o(.text)
    DMA2_Stream3_IRQHandler                  0x080001b7   Thumb Code     0  startup_stm32f40_41xxx.o(.text)
    DMA2_Stream4_IRQHandler                  0x080001b7   Thumb Code     0  startup_stm32f40_41xxx.o(.text)
    DMA2_Stream5_IRQHandler                  0x080001b7   Thumb Code     0  startup_stm32f40_41xxx.o(.text)
    DMA2_Stream6_IRQHandler                  0x080001b7   Thumb Code     0  startup_stm32f40_41xxx.o(.text)
    DMA2_Stream7_IRQHandler                  0x080001b7   Thumb Code     0  startup_stm32f40_41xxx.o(.text)
    ETH_IRQHandler                           0x080001b7   Thumb Code     0  startup_stm32f40_41xxx.o(.text)
    ETH_WKUP_IRQHandler                      0x080001b7   Thumb Code     0  startup_stm32f40_41xxx.o(.text)
    EXTI15_10_IRQHandler                     0x080001b7   Thumb Code     0  startup_stm32f40_41xxx.o(.text)
    EXTI1_IRQHandler                         0x080001b7   Thumb Code     0  startup_stm32f40_41xxx.o(.text)
    EXTI3_IRQHandler                         0x080001b7   Thumb Code     0  startup_stm32f40_41xxx.o(.text)
    EXTI4_IRQHandler                         0x080001b7   Thumb Code     0  startup_stm32f40_41xxx.o(.text)
    FLASH_IRQHandler                         0x080001b7   Thumb Code     0  startup_stm32f40_41xxx.o(.text)
    FPU_IRQHandler                           0x080001b7   Thumb Code     0  startup_stm32f40_41xxx.o(.text)
    FSMC_IRQHandler                          0x080001b7   Thumb Code     0  startup_stm32f40_41xxx.o(.text)
    HASH_RNG_IRQHandler                      0x080001b7   Thumb Code     0  startup_stm32f40_41xxx.o(.text)
    I2C1_ER_IRQHandler                       0x080001b7   Thumb Code     0  startup_stm32f40_41xxx.o(.text)
    I2C1_EV_IRQHandler                       0x080001b7   Thumb Code     0  startup_stm32f40_41xxx.o(.text)
    I2C2_ER_IRQHandler                       0x080001b7   Thumb Code     0  startup_stm32f40_41xxx.o(.text)
    I2C2_EV_IRQHandler                       0x080001b7   Thumb Code     0  startup_stm32f40_41xxx.o(.text)
    I2C3_ER_IRQHandler                       0x080001b7   Thumb Code     0  startup_stm32f40_41xxx.o(.text)
    I2C3_EV_IRQHandler                       0x080001b7   Thumb Code     0  startup_stm32f40_41xxx.o(.text)
    OTG_FS_IRQHandler                        0x080001b7   Thumb Code     0  startup_stm32f40_41xxx.o(.text)
    OTG_FS_WKUP_IRQHandler                   0x080001b7   Thumb Code     0  startup_stm32f40_41xxx.o(.text)
    OTG_HS_EP1_IN_IRQHandler                 0x080001b7   Thumb Code     0  startup_stm32f40_41xxx.o(.text)
    OTG_HS_EP1_OUT_IRQHandler                0x080001b7   Thumb Code     0  startup_stm32f40_41xxx.o(.text)
    OTG_HS_IRQHandler                        0x080001b7   Thumb Code     0  startup_stm32f40_41xxx.o(.text)
    OTG_HS_WKUP_IRQHandler                   0x080001b7   Thumb Code     0  startup_stm32f40_41xxx.o(.text)
    PVD_IRQHandler                           0x080001b7   Thumb Code     0  startup_stm32f40_41xxx.o(.text)
    RCC_IRQHandler                           0x080001b7   Thumb Code     0  startup_stm32f40_41xxx.o(.text)
    RTC_Alarm_IRQHandler                     0x080001b7   Thumb Code     0  startup_stm32f40_41xxx.o(.text)
    RTC_WKUP_IRQHandler                      0x080001b7   Thumb Code     0  startup_stm32f40_41xxx.o(.text)
    SDIO_IRQHandler                          0x080001b7   Thumb Code     0  startup_stm32f40_41xxx.o(.text)
    SPI1_IRQHandler                          0x080001b7   Thumb Code     0  startup_stm32f40_41xxx.o(.text)
    SPI2_IRQHandler                          0x080001b7   Thumb Code     0  startup_stm32f40_41xxx.o(.text)
    SPI3_IRQHandler                          0x080001b7   Thumb Code     0  startup_stm32f40_41xxx.o(.text)
    TAMP_STAMP_IRQHandler                    0x080001b7   Thumb Code     0  startup_stm32f40_41xxx.o(.text)
    TIM1_BRK_TIM9_IRQHandler                 0x080001b7   Thumb Code     0  startup_stm32f40_41xxx.o(.text)
    TIM1_CC_IRQHandler                       0x080001b7   Thumb Code     0  startup_stm32f40_41xxx.o(.text)
    TIM1_TRG_COM_TIM11_IRQHandler            0x080001b7   Thumb Code     0  startup_stm32f40_41xxx.o(.text)
    TIM1_UP_TIM10_IRQHandler                 0x080001b7   Thumb Code     0  startup_stm32f40_41xxx.o(.text)
    TIM2_IRQHandler                          0x080001b7   Thumb Code     0  startup_stm32f40_41xxx.o(.text)
    TIM3_IRQHandler                          0x080001b7   Thumb Code     0  startup_stm32f40_41xxx.o(.text)
    TIM4_IRQHandler                          0x080001b7   Thumb Code     0  startup_stm32f40_41xxx.o(.text)
    TIM5_IRQHandler                          0x080001b7   Thumb Code     0  startup_stm32f40_41xxx.o(.text)
    TIM6_DAC_IRQHandler                      0x080001b7   Thumb Code     0  startup_stm32f40_41xxx.o(.text)
    TIM8_BRK_TIM12_IRQHandler                0x080001b7   Thumb Code     0  startup_stm32f40_41xxx.o(.text)
    TIM8_CC_IRQHandler                       0x080001b7   Thumb Code     0  startup_stm32f40_41xxx.o(.text)
    TIM8_TRG_COM_TIM14_IRQHandler            0x080001b7   Thumb Code     0  startup_stm32f40_41xxx.o(.text)
    TIM8_UP_TIM13_IRQHandler                 0x080001b7   Thumb Code     0  startup_stm32f40_41xxx.o(.text)
    UART4_IRQHandler                         0x080001b7   Thumb Code     0  startup_stm32f40_41xxx.o(.text)
    UART5_IRQHandler                         0x080001b7   Thumb Code     0  startup_stm32f40_41xxx.o(.text)
    USART2_IRQHandler                        0x080001b7   Thumb Code     0  startup_stm32f40_41xxx.o(.text)
    USART6_IRQHandler                        0x080001b7   Thumb Code     0  startup_stm32f40_41xxx.o(.text)
    WWDG_IRQHandler                          0x080001b7   Thumb Code     0  startup_stm32f40_41xxx.o(.text)
    __aeabi_dadd                             0x080001c1   Thumb Code   322  dadd.o(.text)
    __aeabi_dsub                             0x08000303   Thumb Code     6  dadd.o(.text)
    __aeabi_drsub                            0x08000309   Thumb Code     6  dadd.o(.text)
    __aeabi_dmul                             0x0800030f   Thumb Code   228  dmul.o(.text)
    __aeabi_ddiv                             0x080003f3   Thumb Code   222  ddiv.o(.text)
    __aeabi_cdrcmple                         0x080004d1   Thumb Code    48  cdrcmple.o(.text)
    __aeabi_uidiv                            0x08000501   Thumb Code     0  uidiv.o(.text)
    __aeabi_uidivmod                         0x08000501   Thumb Code    44  uidiv.o(.text)
    __aeabi_uldivmod                         0x0800052d   Thumb Code    98  uldiv.o(.text)
    __aeabi_llsl                             0x0800058f   Thumb Code    30  llshl.o(.text)
    _ll_shift_l                              0x0800058f   Thumb Code     0  llshl.o(.text)
    __aeabi_lasr                             0x080005ad   Thumb Code    36  llsshr.o(.text)
    _ll_sshift_r                             0x080005ad   Thumb Code     0  llsshr.o(.text)
    __I$use$fp                               0x080005d1   Thumb Code     0  iusefp.o(.text)
    _double_round                            0x080005d1   Thumb Code    30  depilogue.o(.text)
    _double_epilogue                         0x080005ef   Thumb Code   156  depilogue.o(.text)
    __aeabi_d2ulz                            0x0800068b   Thumb Code    48  dfixul.o(.text)
    __scatterload                            0x080006bd   Thumb Code    28  init.o(.text)
    __scatterload_rt2                        0x080006bd   Thumb Code     0  init.o(.text)
    __aeabi_llsr                             0x080006e1   Thumb Code    32  llushr.o(.text)
    _ll_ushift_r                             0x080006e1   Thumb Code     0  llushr.o(.text)
    __decompress                             0x08000701   Thumb Code     0  __dczerorl2.o(.text)
    __decompress1                            0x08000701   Thumb Code    86  __dczerorl2.o(.text)
    ADC2_Int_Init                            0x08000759   Thumb Code   124  adc.o(i.ADC2_Int_Init)
    ADC_Cmd                                  0x080007dd   Thumb Code    22  stm32f4xx_adc.o(i.ADC_Cmd)
    ADC_CommonInit                           0x080007f5   Thumb Code    34  stm32f4xx_adc.o(i.ADC_CommonInit)
    ADC_DMACmd                               0x08000825   Thumb Code    22  stm32f4xx_adc.o(i.ADC_DMACmd)
    ADC_DMA_Pause                            0x0800083d   Thumb Code    28  adc.o(i.ADC_DMA_Pause)
    ADC_Init                                 0x08000865   Thumb Code    74  stm32f4xx_adc.o(i.ADC_Init)
    BusFault_Handler                         0x080008b9   Thumb Code     4  stm32f4xx_it.o(i.BusFault_Handler)
    DMA2_Stream0_IRQHandler                  0x080008bd   Thumb Code   126  adc.o(i.DMA2_Stream0_IRQHandler)
    DMA_ClearITPendingBit                    0x0800095d   Thumb Code    38  stm32f4xx_dma.o(i.DMA_ClearITPendingBit)
    DMA_GetITStatus                          0x08000991   Thumb Code    82  stm32f4xx_dma.o(i.DMA_GetITStatus)
    DebugMon_Handler                         0x080009f5   Thumb Code     2  stm32f4xx_it.o(i.DebugMon_Handler)
    EXTI0_IRQHandler                         0x080009f9   Thumb Code    64  exti.o(i.EXTI0_IRQHandler)
    EXTI2_IRQHandler                         0x08000a55   Thumb Code   108  exti.o(i.EXTI2_IRQHandler)
    EXTI9_5_IRQHandler                       0x08000ac9   Thumb Code   108  exti.o(i.EXTI9_5_IRQHandler)
    EXTI_ClearITPendingBit                   0x08000b3d   Thumb Code     6  stm32f4xx_exti.o(i.EXTI_ClearITPendingBit)
    EXTI_Init                                0x08000b49   Thumb Code   142  stm32f4xx_exti.o(i.EXTI_Init)
    GPIO_Init                                0x08000bdd   Thumb Code   144  stm32f4xx_gpio.o(i.GPIO_Init)
    GPIO_PinAFConfig                         0x08000c6d   Thumb Code    70  stm32f4xx_gpio.o(i.GPIO_PinAFConfig)
    GPIO_ResetBits                           0x08000cb3   Thumb Code     4  stm32f4xx_gpio.o(i.GPIO_ResetBits)
    GPIO_SetBits                             0x08000cb7   Thumb Code     4  stm32f4xx_gpio.o(i.GPIO_SetBits)
    HardFault_Handler                        0x08000cbb   Thumb Code     4  stm32f4xx_it.o(i.HardFault_Handler)
    KEY_EXTI_Init                            0x08000cc1   Thumb Code   220  exti.o(i.KEY_EXTI_Init)
    LCD_Address_Set                          0x08000da5   Thumb Code    58  ili9341.o(i.LCD_Address_Set)
    LCD_Clear                                0x08000ddf   Thumb Code    48  ili9341.o(i.LCD_Clear)
    LCD_ShowChinese                          0x08000e11   Thumb Code   112  ili9341.o(i.LCD_ShowChinese)
    LCD_Show_C1_Open                         0x08000e89   Thumb Code    76  ili9341.o(i.LCD_Show_C1_Open)
    LCD_Show_C1_x2                           0x08000ed5   Thumb Code    76  ili9341.o(i.LCD_Show_C1_x2)
    LCD_Show_C2_Open                         0x08000f21   Thumb Code    76  ili9341.o(i.LCD_Show_C2_Open)
    LCD_Show_C2_x2                           0x08000f6d   Thumb Code    76  ili9341.o(i.LCD_Show_C2_x2)
    LCD_Show_C3_Open                         0x08000fb9   Thumb Code    76  ili9341.o(i.LCD_Show_C3_Open)
    LCD_Show_C3_x2                           0x08001005   Thumb Code    76  ili9341.o(i.LCD_Show_C3_x2)
    LCD_Show_Normal                          0x08001051   Thumb Code    76  ili9341.o(i.LCD_Show_Normal)
    LCD_Show_R1_Open                         0x0800109d   Thumb Code    76  ili9341.o(i.LCD_Show_R1_Open)
    LCD_Show_R1_Short                        0x080010e9   Thumb Code    76  ili9341.o(i.LCD_Show_R1_Short)
    LCD_Show_R2_Open                         0x08001135   Thumb Code    76  ili9341.o(i.LCD_Show_R2_Open)
    LCD_Show_R2_Short                        0x08001181   Thumb Code    76  ili9341.o(i.LCD_Show_R2_Short)
    LCD_Show_R3_Open                         0x080011cd   Thumb Code    76  ili9341.o(i.LCD_Show_R3_Open)
    LCD_Show_R3_Short                        0x08001219   Thumb Code    76  ili9341.o(i.LCD_Show_R3_Short)
    LCD_Show_R4_Open                         0x08001265   Thumb Code    76  ili9341.o(i.LCD_Show_R4_Open)
    LCD_Show_R4_Short                        0x080012b1   Thumb Code    76  ili9341.o(i.LCD_Show_R4_Short)
    LCD_WR_DATA                              0x080012fd   Thumb Code    28  ili9341.o(i.LCD_WR_DATA)
    LCD_WR_DATA8                             0x0800131d   Thumb Code    20  ili9341.o(i.LCD_WR_DATA8)
    LCD_WR_REG                               0x08001335   Thumb Code    20  ili9341.o(i.LCD_WR_REG)
    LCD_Writ_Bus                             0x0800134d   Thumb Code    12  ili9341.o(i.LCD_Writ_Bus)
    LCDx_Init                                0x08001359   Thumb Code   612  ili9341.o(i.LCDx_Init)
    MemManage_Handler                        0x080015c1   Thumb Code     4  stm32f4xx_it.o(i.MemManage_Handler)
    NMI_Handler                              0x080015c5   Thumb Code     2  stm32f4xx_it.o(i.NMI_Handler)
    NVIC_Init                                0x080015c9   Thumb Code   106  misc.o(i.NVIC_Init)
    NVIC_PriorityGroupConfig                 0x08001641   Thumb Code    10  misc.o(i.NVIC_PriorityGroupConfig)
    PendSV_Handler                           0x08001655   Thumb Code     2  stm32f4xx_it.o(i.PendSV_Handler)
    RCC_AHB1PeriphClockCmd                   0x08001659   Thumb Code    26  stm32f4xx_rcc.o(i.RCC_AHB1PeriphClockCmd)
    RCC_APB1PeriphClockCmd                   0x08001679   Thumb Code    26  stm32f4xx_rcc.o(i.RCC_APB1PeriphClockCmd)
    RCC_APB2PeriphClockCmd                   0x08001699   Thumb Code    26  stm32f4xx_rcc.o(i.RCC_APB2PeriphClockCmd)
    RCC_APB2PeriphResetCmd                   0x080016b9   Thumb Code    26  stm32f4xx_rcc.o(i.RCC_APB2PeriphResetCmd)
    RCC_GetClocksFreq                        0x080016d9   Thumb Code   214  stm32f4xx_rcc.o(i.RCC_GetClocksFreq)
    Relay_Init                               0x080017c1   Thumb Code   168  relay.o(i.Relay_Init)
    Relay_Set                                0x08001879   Thumb Code   624  relay.o(i.Relay_Set)
    SPI1_Init                                0x08001afd   Thumb Code   184  ili9341.o(i.SPI1_Init)
    SPI1_ReadWriteByte                       0x08001bbd   Thumb Code    50  ili9341.o(i.SPI1_ReadWriteByte)
    SPI_Cmd                                  0x08001bf5   Thumb Code    24  stm32f4xx_spi.o(i.SPI_Cmd)
    SPI_I2S_GetFlagStatus                    0x08001c0d   Thumb Code    18  stm32f4xx_spi.o(i.SPI_I2S_GetFlagStatus)
    SPI_I2S_ReceiveData                      0x08001c1f   Thumb Code     6  stm32f4xx_spi.o(i.SPI_I2S_ReceiveData)
    SPI_I2S_SendData                         0x08001c25   Thumb Code     4  stm32f4xx_spi.o(i.SPI_I2S_SendData)
    SPI_Init                                 0x08001c29   Thumb Code    60  stm32f4xx_spi.o(i.SPI_Init)
    SVC_Handler                              0x08001c65   Thumb Code     2  stm32f4xx_it.o(i.SVC_Handler)
    SYSCFG_EXTILineConfig                    0x08001c69   Thumb Code    60  stm32f4xx_syscfg.o(i.SYSCFG_EXTILineConfig)
    SysTick_CLKSourceConfig                  0x08001d95   Thumb Code    40  misc.o(i.SysTick_CLKSourceConfig)
    SysTick_Handler                          0x08001dbd   Thumb Code     2  stm32f4xx_it.o(i.SysTick_Handler)
    SystemInit                               0x08001dc1   Thumb Code    88  system_stm32f4xx.o(i.SystemInit)
    TIM7_IRQHandler                          0x08001e29   Thumb Code    36  tim.o(i.TIM7_IRQHandler)
    TIM7_Int_Init                            0x08001e59   Thumb Code   136  tim.o(i.TIM7_Int_Init)
    TIM_ClearITPendingBit                    0x08001ee9   Thumb Code     6  stm32f4xx_tim.o(i.TIM_ClearITPendingBit)
    TIM_Cmd                                  0x08001eef   Thumb Code    24  stm32f4xx_tim.o(i.TIM_Cmd)
    TIM_GetITStatus                          0x08001f07   Thumb Code    34  stm32f4xx_tim.o(i.TIM_GetITStatus)
    TIM_ITConfig                             0x08001f29   Thumb Code    18  stm32f4xx_tim.o(i.TIM_ITConfig)
    TIM_TimeBaseInit                         0x08001f3d   Thumb Code   104  stm32f4xx_tim.o(i.TIM_TimeBaseInit)
    USART1_IRQHandler                        0x08001fc1   Thumb Code   122  usart.o(i.USART1_IRQHandler)
    USART3_IRQHandler                        0x08002049   Thumb Code   122  usart3.o(i.USART3_IRQHandler)
    USART_Cmd                                0x080020d1   Thumb Code    24  stm32f4xx_usart.o(i.USART_Cmd)
    USART_GetITStatus                        0x080020e9   Thumb Code    84  stm32f4xx_usart.o(i.USART_GetITStatus)
    USART_ITConfig                           0x0800213d   Thumb Code    74  stm32f4xx_usart.o(i.USART_ITConfig)
    USART_Init                               0x08002189   Thumb Code   204  stm32f4xx_usart.o(i.USART_Init)
    USART_ReceiveData                        0x0800225d   Thumb Code    10  stm32f4xx_usart.o(i.USART_ReceiveData)
    UsageFault_Handler                       0x08002267   Thumb Code     4  stm32f4xx_it.o(i.UsageFault_Handler)
    __0printf                                0x0800226d   Thumb Code    22  printfa.o(i.__0printf)
    __1printf                                0x0800226d   Thumb Code     0  printfa.o(i.__0printf)
    __2printf                                0x0800226d   Thumb Code     0  printfa.o(i.__0printf)
    __c89printf                              0x0800226d   Thumb Code     0  printfa.o(i.__0printf)
    printf                                   0x0800226d   Thumb Code     0  printfa.o(i.__0printf)
    __scatterload_copy                       0x0800228d   Thumb Code    14  handlers.o(i.__scatterload_copy)
    __scatterload_null                       0x0800229b   Thumb Code     2  handlers.o(i.__scatterload_null)
    __scatterload_zeroinit                   0x0800229d   Thumb Code    14  handlers.o(i.__scatterload_zeroinit)
    delay_init                               0x08002b61   Thumb Code    52  delay.o(i.delay_init)
    delay_ms                                 0x08002b9d   Thumb Code    56  delay.o(i.delay_ms)
    delay_xms                                0x08002bd5   Thumb Code    72  delay.o(i.delay_xms)
    fputc                                    0x08002c21   Thumb Code    22  usart.o(i.fputc)
    main                                     0x08002c3d   Thumb Code   258  main.o(i.main)
    uart_init                                0x08002d4d   Thumb Code   164  usart.o(i.uart_init)
    Region$$Table$$Base                      0x08002df8   Number         0  anon$$obj.o(Region$$Table)
    Region$$Table$$Limit                     0x08002e18   Number         0  anon$$obj.o(Region$$Table)
    K                                        0x20000000   Data           4  main.o(.data)
    flagAmpFreq                              0x20000014   Data           1  main.o(.data)
    ADC1_Offest                              0x20000018   Data           4  main.o(.data)
    ADC3_Offest                              0x2000001c   Data           4  main.o(.data)
    ADC1_Amplitude                           0x20000020   Data           4  main.o(.data)
    ADC3_Amplitude                           0x20000024   Data           4  main.o(.data)
    ADC1_MAX_INDEX                           0x20000028   Data           4  main.o(.data)
    ADC3_MAX_INDEX                           0x2000002c   Data           4  main.o(.data)
    ADC1_Vpp                                 0x20000030   Data           4  main.o(.data)
    ADC3_Vpp                                 0x20000034   Data           4  main.o(.data)
    Hzk32                                    0x20000038   Data        1920  ili9341.o(.data)
    BACK_COLOR                               0x200007b8   Data           4  ili9341.o(.data)
    Mark_Sign                                0x200007bc   Data           2  menu.o(.data)
    flagClear                                0x200007be   Data           1  exti.o(.data)
    flag1                                    0x200007bf   Data           1  exti.o(.data)
    flagDMA                                  0x200007c0   Data           1  adc.o(.data)
    USART3_RX_STA                            0x200007c2   Data           2  usart3.o(.data)
    __stdout                                 0x200007c8   Data           4  usart.o(.data)
    USART_RX_STA                             0x200007cc   Data           2  usart.o(.data)
    buff1                                    0x200007e0   Data          32  main.o(.bss)
    buff2                                    0x20000800   Data          32  main.o(.bss)
    buff3                                    0x20000820   Data          16  main.o(.bss)
    buff4                                    0x20000830   Data          16  main.o(.bss)
    ADC1__FFT_InputBuff                      0x20000840   Data       16384  main.o(.bss)
    ADC3__FFT_InputBuff                      0x20004840   Data       16384  main.o(.bss)
    ADC1__FFT_OutputBuff                     0x20008840   Data       16384  main.o(.bss)
    ADC3__FFT_OutputBuff                     0x2000c840   Data       16384  main.o(.bss)
    ADC1_MagBuff                             0x20010840   Data        4096  main.o(.bss)
    ADC3_MagBuff                             0x20011840   Data        4096  main.o(.bss)
    ADC1ConvertedValue                       0x20012840   Data        4096  adc.o(.bss)
    ADC3ConvertedValue                       0x20013840   Data        4096  adc.o(.bss)
    USART3_RX_BUF                            0x20014840   Data         255  usart3.o(.bss)
    USART3_TX_BUF                            0x20014940   Data         255  usart3.o(.bss)
    USART_RX_BUF                             0x20014a3f   Data         200  usart.o(.bss)
    __initial_sp                             0x20014b88   Data           0  startup_stm32f40_41xxx.o(STACK)



==============================================================================

Memory Map of the image

  Image Entry point : 0x08000189

  Load Region LR_IROM1 (Base: 0x08000000, Size: 0x000035f8, Max: 0x00100000, ABSOLUTE, COMPRESSED[0x000031c0])

    Execution Region ER_IROM1 (Exec base: 0x08000000, Load base: 0x08000000, Size: 0x00002e18, Max: 0x00100000, ABSOLUTE)

    Exec Addr    Load Addr    Size         Type   Attr      Idx    E Section Name        Object

    0x08000000   0x08000000   0x00000188   Data   RO         1064    RESET               startup_stm32f40_41xxx.o
    0x08000188   0x08000188   0x00000000   Code   RO         3131  * .ARM.Collect$$$$00000000  mc_w.l(entry.o)
    0x08000188   0x08000188   0x00000004   Code   RO         3417    .ARM.Collect$$$$00000001  mc_w.l(entry2.o)
    0x0800018c   0x0800018c   0x00000004   Code   RO         3420    .ARM.Collect$$$$00000004  mc_w.l(entry5.o)
    0x08000190   0x08000190   0x00000000   Code   RO         3422    .ARM.Collect$$$$00000008  mc_w.l(entry7b.o)
    0x08000190   0x08000190   0x00000000   Code   RO         3424    .ARM.Collect$$$$0000000A  mc_w.l(entry8b.o)
    0x08000190   0x08000190   0x00000008   Code   RO         3425    .ARM.Collect$$$$0000000B  mc_w.l(entry9a.o)
    0x08000198   0x08000198   0x00000000   Code   RO         3427    .ARM.Collect$$$$0000000D  mc_w.l(entry10a.o)
    0x08000198   0x08000198   0x00000000   Code   RO         3429    .ARM.Collect$$$$0000000F  mc_w.l(entry11a.o)
    0x08000198   0x08000198   0x00000004   Code   RO         3418    .ARM.Collect$$$$00002712  mc_w.l(entry2.o)
    0x0800019c   0x0800019c   0x00000024   Code   RO         1065    .text               startup_stm32f40_41xxx.o
    0x080001c0   0x080001c0   0x0000014e   Code   RO         3401    .text               mf_w.l(dadd.o)
    0x0800030e   0x0800030e   0x000000e4   Code   RO         3403    .text               mf_w.l(dmul.o)
    0x080003f2   0x080003f2   0x000000de   Code   RO         3405    .text               mf_w.l(ddiv.o)
    0x080004d0   0x080004d0   0x00000030   Code   RO         3413    .text               mf_w.l(cdrcmple.o)
    0x08000500   0x08000500   0x0000002c   Code   RO         3431    .text               mc_w.l(uidiv.o)
    0x0800052c   0x0800052c   0x00000062   Code   RO         3433    .text               mc_w.l(uldiv.o)
    0x0800058e   0x0800058e   0x0000001e   Code   RO         3435    .text               mc_w.l(llshl.o)
    0x080005ac   0x080005ac   0x00000024   Code   RO         3437    .text               mc_w.l(llsshr.o)
    0x080005d0   0x080005d0   0x00000000   Code   RO         3439    .text               mc_w.l(iusefp.o)
    0x080005d0   0x080005d0   0x000000ba   Code   RO         3442    .text               mf_w.l(depilogue.o)
    0x0800068a   0x0800068a   0x00000030   Code   RO         3444    .text               mf_w.l(dfixul.o)
    0x080006ba   0x080006ba   0x00000002   PAD
    0x080006bc   0x080006bc   0x00000024   Code   RO         3446    .text               mc_w.l(init.o)
    0x080006e0   0x080006e0   0x00000020   Code   RO         3448    .text               mc_w.l(llushr.o)
    0x08000700   0x08000700   0x00000056   Code   RO         3458    .text               mc_w.l(__dczerorl2.o)
    0x08000756   0x08000756   0x00000002   PAD
    0x08000758   0x08000758   0x00000084   Code   RO          768    i.ADC2_Int_Init     adc.o
    0x080007dc   0x080007dc   0x00000016   Code   RO         2085    i.ADC_Cmd           stm32f4xx_adc.o
    0x080007f2   0x080007f2   0x00000002   PAD
    0x080007f4   0x080007f4   0x00000030   Code   RO         2086    i.ADC_CommonInit    stm32f4xx_adc.o
    0x08000824   0x08000824   0x00000016   Code   RO         2089    i.ADC_DMACmd        stm32f4xx_adc.o
    0x0800083a   0x0800083a   0x00000002   PAD
    0x0800083c   0x0800083c   0x00000028   Code   RO          770    i.ADC_DMA_Pause     adc.o
    0x08000864   0x08000864   0x00000054   Code   RO         2105    i.ADC_Init          stm32f4xx_adc.o
    0x080008b8   0x080008b8   0x00000004   Code   RO          265    i.BusFault_Handler  stm32f4xx_it.o
    0x080008bc   0x080008bc   0x000000a0   Code   RO          773    i.DMA2_Stream0_IRQHandler  adc.o
    0x0800095c   0x0800095c   0x00000034   Code   RO         2322    i.DMA_ClearITPendingBit  stm32f4xx_dma.o
    0x08000990   0x08000990   0x00000064   Code   RO         2333    i.DMA_GetITStatus   stm32f4xx_dma.o
    0x080009f4   0x080009f4   0x00000002   Code   RO          266    i.DebugMon_Handler  stm32f4xx_it.o
    0x080009f6   0x080009f6   0x00000002   PAD
    0x080009f8   0x080009f8   0x0000005c   Code   RO          722    i.EXTI0_IRQHandler  exti.o
    0x08000a54   0x08000a54   0x00000074   Code   RO          723    i.EXTI2_IRQHandler  exti.o
    0x08000ac8   0x08000ac8   0x00000074   Code   RO          724    i.EXTI9_5_IRQHandler  exti.o
    0x08000b3c   0x08000b3c   0x0000000c   Code   RO         2018    i.EXTI_ClearITPendingBit  stm32f4xx_exti.o
    0x08000b48   0x08000b48   0x00000094   Code   RO         2023    i.EXTI_Init         stm32f4xx_exti.o
    0x08000bdc   0x08000bdc   0x00000090   Code   RO         1116    i.GPIO_Init         stm32f4xx_gpio.o
    0x08000c6c   0x08000c6c   0x00000046   Code   RO         1117    i.GPIO_PinAFConfig  stm32f4xx_gpio.o
    0x08000cb2   0x08000cb2   0x00000004   Code   RO         1123    i.GPIO_ResetBits    stm32f4xx_gpio.o
    0x08000cb6   0x08000cb6   0x00000004   Code   RO         1124    i.GPIO_SetBits      stm32f4xx_gpio.o
    0x08000cba   0x08000cba   0x00000004   Code   RO          267    i.HardFault_Handler  stm32f4xx_it.o
    0x08000cbe   0x08000cbe   0x00000002   PAD
    0x08000cc0   0x08000cc0   0x000000e4   Code   RO          725    i.KEY_EXTI_Init     exti.o
    0x08000da4   0x08000da4   0x0000003a   Code   RO          400    i.LCD_Address_Set   ili9341.o
    0x08000dde   0x08000dde   0x00000030   Code   RO          401    i.LCD_Clear         ili9341.o
    0x08000e0e   0x08000e0e   0x00000002   PAD
    0x08000e10   0x08000e10   0x00000078   Code   RO          410    i.LCD_ShowChinese   ili9341.o
    0x08000e88   0x08000e88   0x0000004c   Code   RO          415    i.LCD_Show_C1_Open  ili9341.o
    0x08000ed4   0x08000ed4   0x0000004c   Code   RO          416    i.LCD_Show_C1_x2    ili9341.o
    0x08000f20   0x08000f20   0x0000004c   Code   RO          417    i.LCD_Show_C2_Open  ili9341.o
    0x08000f6c   0x08000f6c   0x0000004c   Code   RO          418    i.LCD_Show_C2_x2    ili9341.o
    0x08000fb8   0x08000fb8   0x0000004c   Code   RO          419    i.LCD_Show_C3_Open  ili9341.o
    0x08001004   0x08001004   0x0000004c   Code   RO          420    i.LCD_Show_C3_x2    ili9341.o
    0x08001050   0x08001050   0x0000004c   Code   RO          421    i.LCD_Show_Normal   ili9341.o
    0x0800109c   0x0800109c   0x0000004c   Code   RO          422    i.LCD_Show_R1_Open  ili9341.o
    0x080010e8   0x080010e8   0x0000004c   Code   RO          423    i.LCD_Show_R1_Short  ili9341.o
    0x08001134   0x08001134   0x0000004c   Code   RO          424    i.LCD_Show_R2_Open  ili9341.o
    0x08001180   0x08001180   0x0000004c   Code   RO          425    i.LCD_Show_R2_Short  ili9341.o
    0x080011cc   0x080011cc   0x0000004c   Code   RO          426    i.LCD_Show_R3_Open  ili9341.o
    0x08001218   0x08001218   0x0000004c   Code   RO          427    i.LCD_Show_R3_Short  ili9341.o
    0x08001264   0x08001264   0x0000004c   Code   RO          428    i.LCD_Show_R4_Open  ili9341.o
    0x080012b0   0x080012b0   0x0000004c   Code   RO          429    i.LCD_Show_R4_Short  ili9341.o
    0x080012fc   0x080012fc   0x00000020   Code   RO          430    i.LCD_WR_DATA       ili9341.o
    0x0800131c   0x0800131c   0x00000018   Code   RO          431    i.LCD_WR_DATA8      ili9341.o
    0x08001334   0x08001334   0x00000018   Code   RO          432    i.LCD_WR_REG        ili9341.o
    0x0800134c   0x0800134c   0x0000000c   Code   RO          433    i.LCD_Writ_Bus      ili9341.o
    0x08001358   0x08001358   0x00000268   Code   RO          434    i.LCDx_Init         ili9341.o
    0x080015c0   0x080015c0   0x00000004   Code   RO          268    i.MemManage_Handler  stm32f4xx_it.o
    0x080015c4   0x080015c4   0x00000002   Code   RO          269    i.NMI_Handler       stm32f4xx_it.o
    0x080015c6   0x080015c6   0x00000002   PAD
    0x080015c8   0x080015c8   0x00000078   Code   RO         1071    i.NVIC_Init         misc.o
    0x08001640   0x08001640   0x00000014   Code   RO         1072    i.NVIC_PriorityGroupConfig  misc.o
    0x08001654   0x08001654   0x00000002   Code   RO          270    i.PendSV_Handler    stm32f4xx_it.o
    0x08001656   0x08001656   0x00000002   PAD
    0x08001658   0x08001658   0x00000020   Code   RO         1213    i.RCC_AHB1PeriphClockCmd  stm32f4xx_rcc.o
    0x08001678   0x08001678   0x00000020   Code   RO         1222    i.RCC_APB1PeriphClockCmd  stm32f4xx_rcc.o
    0x08001698   0x08001698   0x00000020   Code   RO         1225    i.RCC_APB2PeriphClockCmd  stm32f4xx_rcc.o
    0x080016b8   0x080016b8   0x00000020   Code   RO         1227    i.RCC_APB2PeriphResetCmd  stm32f4xx_rcc.o
    0x080016d8   0x080016d8   0x000000e8   Code   RO         1234    i.RCC_GetClocksFreq  stm32f4xx_rcc.o
    0x080017c0   0x080017c0   0x000000b8   Code   RO          902    i.Relay_Init        relay.o
    0x08001878   0x08001878   0x00000284   Code   RO          903    i.Relay_Set         relay.o
    0x08001afc   0x08001afc   0x000000c0   Code   RO          435    i.SPI1_Init         ili9341.o
    0x08001bbc   0x08001bbc   0x00000038   Code   RO          436    i.SPI1_ReadWriteByte  ili9341.o
    0x08001bf4   0x08001bf4   0x00000018   Code   RO         1797    i.SPI_Cmd           stm32f4xx_spi.o
    0x08001c0c   0x08001c0c   0x00000012   Code   RO         1805    i.SPI_I2S_GetFlagStatus  stm32f4xx_spi.o
    0x08001c1e   0x08001c1e   0x00000006   Code   RO         1808    i.SPI_I2S_ReceiveData  stm32f4xx_spi.o
    0x08001c24   0x08001c24   0x00000004   Code   RO         1809    i.SPI_I2S_SendData  stm32f4xx_spi.o
    0x08001c28   0x08001c28   0x0000003c   Code   RO         1810    i.SPI_Init          stm32f4xx_spi.o
    0x08001c64   0x08001c64   0x00000002   Code   RO          271    i.SVC_Handler       stm32f4xx_it.o
    0x08001c66   0x08001c66   0x00000002   PAD
    0x08001c68   0x08001c68   0x00000040   Code   RO         1550    i.SYSCFG_EXTILineConfig  stm32f4xx_syscfg.o
    0x08001ca8   0x08001ca8   0x000000ec   Code   RO          362    i.SetSysClock       system_stm32f4xx.o
    0x08001d94   0x08001d94   0x00000028   Code   RO         1075    i.SysTick_CLKSourceConfig  misc.o
    0x08001dbc   0x08001dbc   0x00000002   Code   RO          272    i.SysTick_Handler   stm32f4xx_it.o
    0x08001dbe   0x08001dbe   0x00000002   PAD
    0x08001dc0   0x08001dc0   0x00000068   Code   RO          364    i.SystemInit        system_stm32f4xx.o
    0x08001e28   0x08001e28   0x00000030   Code   RO          928    i.TIM7_IRQHandler   tim.o
    0x08001e58   0x08001e58   0x00000090   Code   RO          929    i.TIM7_Int_Init     tim.o
    0x08001ee8   0x08001ee8   0x00000006   Code   RO         2460    i.TIM_ClearITPendingBit  stm32f4xx_tim.o
    0x08001eee   0x08001eee   0x00000018   Code   RO         2465    i.TIM_Cmd           stm32f4xx_tim.o
    0x08001f06   0x08001f06   0x00000022   Code   RO         2486    i.TIM_GetITStatus   stm32f4xx_tim.o
    0x08001f28   0x08001f28   0x00000012   Code   RO         2490    i.TIM_ITConfig      stm32f4xx_tim.o
    0x08001f3a   0x08001f3a   0x00000002   PAD
    0x08001f3c   0x08001f3c   0x00000084   Code   RO         2537    i.TIM_TimeBaseInit  stm32f4xx_tim.o
    0x08001fc0   0x08001fc0   0x00000088   Code   RO         1015    i.USART1_IRQHandler  usart.o
    0x08002048   0x08002048   0x00000088   Code   RO          841    i.USART3_IRQHandler  usart3.o
    0x080020d0   0x080020d0   0x00000018   Code   RO         1607    i.USART_Cmd         stm32f4xx_usart.o
    0x080020e8   0x080020e8   0x00000054   Code   RO         1611    i.USART_GetITStatus  stm32f4xx_usart.o
    0x0800213c   0x0800213c   0x0000004a   Code   RO         1613    i.USART_ITConfig    stm32f4xx_usart.o
    0x08002186   0x08002186   0x00000002   PAD
    0x08002188   0x08002188   0x000000d4   Code   RO         1614    i.USART_Init        stm32f4xx_usart.o
    0x0800225c   0x0800225c   0x0000000a   Code   RO         1621    i.USART_ReceiveData  stm32f4xx_usart.o
    0x08002266   0x08002266   0x00000004   Code   RO          273    i.UsageFault_Handler  stm32f4xx_it.o
    0x0800226a   0x0800226a   0x00000002   PAD
    0x0800226c   0x0800226c   0x00000020   Code   RO         3373    i.__0printf         mc_w.l(printfa.o)
    0x0800228c   0x0800228c   0x0000000e   Code   RO         3452    i.__scatterload_copy  mc_w.l(handlers.o)
    0x0800229a   0x0800229a   0x00000002   Code   RO         3453    i.__scatterload_null  mc_w.l(handlers.o)
    0x0800229c   0x0800229c   0x0000000e   Code   RO         3454    i.__scatterload_zeroinit  mc_w.l(handlers.o)
    0x080022aa   0x080022aa   0x00000002   PAD
    0x080022ac   0x080022ac   0x00000184   Code   RO         3380    i._fp_digits        mc_w.l(printfa.o)
    0x08002430   0x08002430   0x000006dc   Code   RO         3381    i._printf_core      mc_w.l(printfa.o)
    0x08002b0c   0x08002b0c   0x00000024   Code   RO         3382    i._printf_post_padding  mc_w.l(printfa.o)
    0x08002b30   0x08002b30   0x0000002e   Code   RO         3383    i._printf_pre_padding  mc_w.l(printfa.o)
    0x08002b5e   0x08002b5e   0x00000002   PAD
    0x08002b60   0x08002b60   0x0000003c   Code   RO          957    i.delay_init        delay.o
    0x08002b9c   0x08002b9c   0x00000038   Code   RO          958    i.delay_ms          delay.o
    0x08002bd4   0x08002bd4   0x0000004c   Code   RO          960    i.delay_xms         delay.o
    0x08002c20   0x08002c20   0x0000001c   Code   RO         1017    i.fputc             usart.o
    0x08002c3c   0x08002c3c   0x00000110   Code   RO           18    i.main              main.o
    0x08002d4c   0x08002d4c   0x000000ac   Code   RO         1018    i.uart_init         usart.o
    0x08002df8   0x08002df8   0x00000020   Data   RO         3450    Region$$Table       anon$$obj.o


    Execution Region RW_IRAM1 (Exec base: 0x20000000, Load base: 0x08002e18, Size: 0x00014b88, Max: 0x00020000, ABSOLUTE, COMPRESSED[0x000003a8])

    Exec Addr    Load Addr    Size         Type   Attr      Idx    E Section Name        Object

    0x20000000   COMPRESSED   0x00000038   Data   RW           21    .data               main.o
    0x20000038   COMPRESSED   0x00000784   Data   RW          440    .data               ili9341.o
    0x200007bc   COMPRESSED   0x00000002   Data   RW          672    .data               menu.o
    0x200007be   COMPRESSED   0x00000002   Data   RW          726    .data               exti.o
    0x200007c0   COMPRESSED   0x00000001   Data   RW          778    .data               adc.o
    0x200007c1   COMPRESSED   0x00000001   PAD
    0x200007c2   COMPRESSED   0x00000002   Data   RW          847    .data               usart3.o
    0x200007c4   COMPRESSED   0x00000004   Data   RW          961    .data               delay.o
    0x200007c8   COMPRESSED   0x00000006   Data   RW         1020    .data               usart.o
    0x200007ce   COMPRESSED   0x00000010   Data   RW         1266    .data               stm32f4xx_rcc.o
    0x200007de   COMPRESSED   0x00000002   PAD
    0x200007e0        -       0x00012060   Zero   RW           19    .bss                main.o
    0x20012840        -       0x00002000   Zero   RW          777    .bss                adc.o
    0x20014840        -       0x000001ff   Zero   RW          846    .bss                usart3.o
    0x20014a3f        -       0x000000c8   Zero   RW         1019    .bss                usart.o
    0x20014b07   COMPRESSED   0x00000001   PAD
    0x20014b08        -       0x00000080   Zero   RW         1062    STACK               startup_stm32f40_41xxx.o


==============================================================================

Image component sizes


      Code (inc. data)   RO Data    RW Data    ZI Data      Debug   Object Name

       332         54          0          1       8192       2496   adc.o
       192         12          0          4          0       1916   delay.o
       552         52          0          2          0       2657   exti.o
      2322         38          0       1924          0      15079   ili9341.o
       272         14          0         56      73824     320967   main.o
         0          0          0          2          0        708   menu.o
       180         24          0          0          0       2025   misc.o
       828         44          0          0          0       1517   relay.o
        36          8        392          0        128        824   startup_stm32f40_41xxx.o
       176         24          0          0          0       3415   stm32f4xx_adc.o
       152         32          0          0          0       2554   stm32f4xx_dma.o
       160         12          0          0          0       1457   stm32f4xx_exti.o
       222          0          0          0          0       2807   stm32f4xx_gpio.o
        26          0          0          0          0       3954   stm32f4xx_it.o
       360         42          0         16          0       5116   stm32f4xx_rcc.o
       112          0          0          0          0       3414   stm32f4xx_spi.o
        64          4          0          0          0        640   stm32f4xx_syscfg.o
       214         28          0          0          0       3594   stm32f4xx_tim.o
       404          8          0          0          0       4186   stm32f4xx_usart.o
       340         32          0          0          0       1437   system_stm32f4xx.o
       192         20          0          0          0       1254   tim.o
       336         28          0          6        200       3692   usart.o
       136         14          0          2        511       1328   usart3.o

    ----------------------------------------------------------------------
      7632        490        424       2016      82856     387037   Object Totals
         0          0         32          0          0          0   (incl. Generated)
        24          0          0          3          1          0   (incl. Padding)

    ----------------------------------------------------------------------

      Code (inc. data)   RO Data    RW Data    ZI Data      Debug   Library Member Name

        86          0          0          0          0          0   __dczerorl2.o
         0          0          0          0          0          0   entry.o
         0          0          0          0          0          0   entry10a.o
         0          0          0          0          0          0   entry11a.o
         8          4          0          0          0          0   entry2.o
         4          0          0          0          0          0   entry5.o
         0          0          0          0          0          0   entry7b.o
         0          0          0          0          0          0   entry8b.o
         8          4          0          0          0          0   entry9a.o
        30          0          0          0          0          0   handlers.o
        36          8          0          0          0         68   init.o
         0          0          0          0          0          0   iusefp.o
        30          0          0          0          0         68   llshl.o
        36          0          0          0          0         68   llsshr.o
        32          0          0          0          0         68   llushr.o
      2258         90          0          0          0        452   printfa.o
        44          0          0          0          0         80   uidiv.o
        98          0          0          0          0         92   uldiv.o
        48          0          0          0          0         68   cdrcmple.o
       334          0          0          0          0        148   dadd.o
       222          0          0          0          0        100   ddiv.o
       186          0          0          0          0        176   depilogue.o
        48          0          0          0          0         68   dfixul.o
       228          0          0          0          0         96   dmul.o

    ----------------------------------------------------------------------
      3744        106          0          0          0       1552   Library Totals
         8          0          0          0          0          0   (incl. Padding)

    ----------------------------------------------------------------------

      Code (inc. data)   RO Data    RW Data    ZI Data      Debug   Library Name

      2670        106          0          0          0        896   mc_w.l
      1066          0          0          0          0        656   mf_w.l

    ----------------------------------------------------------------------
      3744        106          0          0          0       1552   Library Totals

    ----------------------------------------------------------------------

==============================================================================


      Code (inc. data)   RO Data    RW Data    ZI Data      Debug   

     11376        596        424       2016      82856     379493   Grand Totals
     11376        596        424        936      82856     379493   ELF Image Totals (compressed)
     11376        596        424        936          0          0   ROM Totals

==============================================================================

    Total RO  Size (Code + RO Data)                11800 (  11.52kB)
    Total RW  Size (RW Data + ZI Data)             84872 (  82.88kB)
    Total ROM Size (Code + RO Data + RW Data)      12736 (  12.44kB)

==============================================================================

